Component: ARM Compiler 5.05 update 1 (build 106) Tool: armlink [4d0efa]

==============================================================================

Section Cross References

    main.o(i.Draw_Axis) refers to lcd.o(i.LCD_DrawLine) for LCD_DrawLine
    main.o(i.Draw_Axis) refers to lcd.o(i.LCD_ShowString) for LCD_ShowString
    main.o(i.Draw_Curve) refers to f2d.o(x$fpl$f2d) for __aeabi_f2d
    main.o(i.Draw_Curve) refers to ddiv.o(x$fpl$ddiv) for __aeabi_ddiv
    main.o(i.Draw_Curve) refers to dmul.o(x$fpl$dmul) for __aeabi_dmul
    main.o(i.Draw_Curve) refers to daddsub_clz.o(x$fpl$dadd) for __aeabi_dadd
    main.o(i.Draw_Curve) refers to dfixu.o(x$fpl$dfixu) for __aeabi_d2uiz
    main.o(i.Draw_Curve) refers to fflt_clz.o(x$fpl$ffltu) for __aeabi_ui2f
    main.o(i.Draw_Curve) refers to faddsub_clz.o(x$fpl$fsub) for __aeabi_fsub
    main.o(i.Draw_Curve) refers to fdiv.o(x$fpl$fdiv) for __aeabi_fdiv
    main.o(i.Draw_Curve) refers to fmul.o(x$fpl$fmul) for __aeabi_fmul
    main.o(i.Draw_Curve) refers to faddsub_clz.o(x$fpl$frsb) for __aeabi_frsub
    main.o(i.Draw_Curve) refers to ffixu.o(x$fpl$ffixu) for __aeabi_f2uiz
    main.o(i.Draw_Curve) refers to lcd.o(i.LCD_DrawLine) for LCD_DrawLine
    main.o(i.Draw_Curve) refers to main.o(.data) for last_x
    main.o(i.main) refers to stm32f1xx_hal.o(i.HAL_Init) for HAL_Init
    main.o(i.main) refers to sys.o(i.Stm32_Clock_Init) for Stm32_Clock_Init
    main.o(i.main) refers to delay.o(i.delay_init) for delay_init
    main.o(i.main) refers to usart.o(i.uart_init) for uart_init
    main.o(i.main) refers to led.o(i.LED_Init) for LED_Init
    main.o(i.main) refers to lcd.o(i.LCD_Init) for LCD_Init
    main.o(i.main) refers to adc.o(i.MY_ADC_Init) for MY_ADC_Init
    main.o(i.main) refers to stm32f1xx_hal_dac.o(i.HAL_DAC_Init) for HAL_DAC_Init
    main.o(i.main) refers to stm32f1xx_hal_dac.o(i.HAL_DAC_ConfigChannel) for HAL_DAC_ConfigChannel
    main.o(i.main) refers to stm32f1xx_hal_dac.o(i.HAL_DAC_Start) for HAL_DAC_Start
    main.o(i.main) refers to lcd.o(i.LCD_ShowString) for LCD_ShowString
    main.o(i.main) refers to lcd.o(i.LCD_Clear) for LCD_Clear
    main.o(i.main) refers to faddsub_clz.o(x$fpl$fadd) for __aeabi_fadd
    main.o(i.main) refers to f2d.o(x$fpl$f2d) for __aeabi_f2d
    main.o(i.main) refers to drleqf.o(x$fpl$drleqf) for __aeabi_cdrcmple
    main.o(i.main) refers to fleqf.o(x$fpl$fleqf) for __aeabi_cfcmple
    main.o(i.main) refers to dleqf.o(x$fpl$dleqf) for __aeabi_cdcmple
    main.o(i.main) refers to daddsub_clz.o(x$fpl$dadd) for __aeabi_dadd
    main.o(i.main) refers to d2f.o(x$fpl$d2f) for __aeabi_d2f
    main.o(i.main) refers to daddsub_clz.o(x$fpl$dsub) for __aeabi_dsub
    main.o(i.main) refers to sin.o(i.sin) for sin
    main.o(i.main) refers to dmul.o(x$fpl$dmul) for __aeabi_dmul
    main.o(i.main) refers to ffixu.o(x$fpl$ffixu) for __aeabi_f2uiz
    main.o(i.main) refers to dac.o(i.DAC1_Set_Vol) for DAC1_Set_Vol
    main.o(i.main) refers to adc.o(i.Get_Adc_Average) for Get_Adc_Average
    main.o(i.main) refers to fflt_clz.o(x$fpl$ffltu) for __aeabi_ui2f
    main.o(i.main) refers to lcd.o(i.LCD_ShowxNum) for LCD_ShowxNum
    main.o(i.main) refers to fmul.o(x$fpl$fmul) for __aeabi_fmul
    main.o(i.main) refers to main.o(i.Draw_Axis) for Draw_Axis
    main.o(i.main) refers to main.o(i.Draw_Curve) for Draw_Curve
    main.o(i.main) refers to delay.o(i.delay_ms) for delay_ms
    main.o(i.main) refers to usmart_config.o(.data) for usmart_dev
    main.o(i.main) refers to lcd.o(.data) for POINT_COLOR
    main.o(i.main) refers to main.o(.data) for waveType
    stm32f1xx_it.o(i.SysTick_Handler) refers to stm32f1xx_hal.o(i.HAL_IncTick) for HAL_IncTick
    system_stm32f1xx.o(i.SystemCoreClockUpdate) refers to system_stm32f1xx.o(.data) for SystemCoreClock
    system_stm32f1xx.o(i.SystemCoreClockUpdate) refers to system_stm32f1xx.o(.constdata) for AHBPrescTable
    startup_stm32f103xe.o(STACK) refers (Special) to heapauxi.o(.text) for __use_two_region_memory
    startup_stm32f103xe.o(HEAP) refers (Special) to heapauxi.o(.text) for __use_two_region_memory
    startup_stm32f103xe.o(RESET) refers (Special) to heapauxi.o(.text) for __use_two_region_memory
    startup_stm32f103xe.o(RESET) refers to startup_stm32f103xe.o(STACK) for __initial_sp
    startup_stm32f103xe.o(RESET) refers to startup_stm32f103xe.o(.text) for Reset_Handler
    startup_stm32f103xe.o(RESET) refers to stm32f1xx_it.o(i.NMI_Handler) for NMI_Handler
    startup_stm32f103xe.o(RESET) refers to stm32f1xx_it.o(i.HardFault_Handler) for HardFault_Handler
    startup_stm32f103xe.o(RESET) refers to stm32f1xx_it.o(i.MemManage_Handler) for MemManage_Handler
    startup_stm32f103xe.o(RESET) refers to stm32f1xx_it.o(i.BusFault_Handler) for BusFault_Handler
    startup_stm32f103xe.o(RESET) refers to stm32f1xx_it.o(i.UsageFault_Handler) for UsageFault_Handler
    startup_stm32f103xe.o(RESET) refers to stm32f1xx_it.o(i.SVC_Handler) for SVC_Handler
[...]
    i.LCD_Fast_DrawPoint                     0x08002908   Section        0  lcd.o(i.LCD_Fast_DrawPoint)
    i.LCD_Init                               0x08002b8c   Section        0  lcd.o(i.LCD_Init)
    i.LCD_Pow                                0x08005514   Section        0  lcd.o(i.LCD_Pow)
    i.LCD_RD_DATA                            0x0800552c   Section        0  lcd.o(i.LCD_RD_DATA)
    i.LCD_SSD_BackLightSet                   0x0800558c   Section        0  lcd.o(i.LCD_SSD_BackLightSet)
    i.LCD_Scan_Dir                           0x08005660   Section        0  lcd.o(i.LCD_Scan_Dir)
    i.LCD_SetCursor                          0x08005a00   Section        0  lcd.o(i.LCD_SetCursor)
    i.LCD_ShowChar                           0x08005cdc   Section        0  lcd.o(i.LCD_ShowChar)
    i.LCD_ShowString                         0x08005e04   Section        0  lcd.o(i.LCD_ShowString)
    i.LCD_ShowxNum                           0x08005e6a   Section        0  lcd.o(i.LCD_ShowxNum)
    i.LCD_WR_DATAX                           0x08005f28   Section        0  lcd.o(i.LCD_WR_DATAX)
    i.LCD_WR_REG                             0x08005f4c   Section        0  lcd.o(i.LCD_WR_REG)
    i.LCD_WriteRAM_Prepare                   0x08005f70   Section        0  lcd.o(i.LCD_WriteRAM_Prepare)
    i.LCD_WriteReg                           0x08005f80   Section        0  lcd.o(i.LCD_WriteReg)
    i.LED_Init                               0x08005fb0   Section        0  led.o(i.LED_Init)
    i.MY_ADC_Init                            0x08006030   Section        0  adc.o(i.MY_ADC_Init)
    i.MemManage_Handler                      0x0800607c   Section        0  stm32f1xx_it.o(i.MemManage_Handler)
    i.NMI_Handler                            0x08006080   Section        0  stm32f1xx_it.o(i.NMI_Handler)
    i.PendSV_Handler                         0x08006082   Section        0  stm32f1xx_it.o(i.PendSV_Handler)
    i.RCC_Delay                              0x08006084   Section        0  stm32f1xx_hal_rcc.o(i.RCC_Delay)
    RCC_Delay                                0x08006085   Thumb Code    36  stm32f1xx_hal_rcc.o(i.RCC_Delay)
    i.SVC_Handler                            0x080060ac   Section        0  stm32f1xx_it.o(i.SVC_Handler)
    i.Stm32_Clock_Init                       0x080060ae   Section        0  sys.o(i.Stm32_Clock_Init)
    i.SysTick_Handler                        0x08006104   Section        0  stm32f1xx_it.o(i.SysTick_Handler)
    i.SystemInit                             0x0800610c   Section        0  system_stm32f1xx.o(i.SystemInit)
    i.TIM4_IRQHandler                        0x08006164   Section        0  usmart.o(i.TIM4_IRQHandler)
    i.TIM_Base_SetConfig                     0x080061a8   Section        0  stm32f1xx_hal_tim.o(i.TIM_Base_SetConfig)
    i.Timer4_Init                            0x08006244   Section        0  usmart.o(i.Timer4_Init)
    i.UART_DMAAbortOnError                   0x080062a0   Section        0  stm32f1xx_hal_uart.o(i.UART_DMAAbortOnError)
    UART_DMAAbortOnError                     0x080062a1   Thumb Code    20  stm32f1xx_hal_uart.o(i.UART_DMAAbortOnError)
    i.UART_EndRxTransfer                     0x080062b4   Section        0  stm32f1xx_hal_uart.o(i.UART_EndRxTransfer)
    UART_EndRxTransfer                       0x080062b5   Thumb Code    32  stm32f1xx_hal_uart.o(i.UART_EndRxTransfer)
    i.UART_EndTransmit_IT                    0x080062d4   Section        0  stm32f1xx_hal_uart.o(i.UART_EndTransmit_IT)
    UART_EndTransmit_IT                      0x080062d5   Thumb Code    32  stm32f1xx_hal_uart.o(i.UART_EndTransmit_IT)
    i.UART_Receive_IT                        0x080062f4   Section        0  stm32f1xx_hal_uart.o(i.UART_Receive_IT)
    UART_Receive_IT                          0x080062f5   Thumb Code   166  stm32f1xx_hal_uart.o(i.UART_Receive_IT)
    i.UART_SetConfig                         0x0800639c   Section        0  stm32f1xx_hal_uart.o(i.UART_SetConfig)
    UART_SetConfig                           0x0800639d   Thumb Code   412  stm32f1xx_hal_uart.o(i.UART_SetConfig)
    i.UART_Transmit_IT                       0x0800653c   Section        0  stm32f1xx_hal_uart.o(i.UART_Transmit_IT)
    UART_Transmit_IT                         0x0800653d   Thumb Code   104  stm32f1xx_hal_uart.o(i.UART_Transmit_IT)
    i.USART1_IRQHandler                      0x080065a4   Section        0  usart.o(i.USART1_IRQHandler)
    i.UsageFault_Handler                     0x080065e4   Section        0  stm32f1xx_it.o(i.UsageFault_Handler)
    i.__ARM_fpclassify                       0x080065e8   Section        0  fpclassify.o(i.__ARM_fpclassify)
    i.__NVIC_GetPriorityGrouping             0x08006610   Section        0  stm32f1xx_hal_cortex.o(i.__NVIC_GetPriorityGrouping)
    __NVIC_GetPriorityGrouping               0x08006611   Thumb Code    10  stm32f1xx_hal_cortex.o(i.__NVIC_GetPriorityGrouping)
    i.__NVIC_SetPriority                     0x08006620   Section        0  stm32f1xx_hal_cortex.o(i.__NVIC_SetPriority)
    __NVIC_SetPriority                       0x08006621   Thumb Code    32  stm32f1xx_hal_cortex.o(i.__NVIC_SetPriority)
    i.__ieee754_rem_pio2                     0x08006648   Section        0  rred.o(i.__ieee754_rem_pio2)
    i.__kernel_cos                           0x080069d0   Section        0  cos_i.o(i.__kernel_cos)
    i.__kernel_poly                          0x08006acc   Section        0  poly.o(i.__kernel_poly)
    i.__kernel_sin                           0x08006b78   Section        0  sin_i.o(i.__kernel_sin)
    i.__mathlib_dbl_infnan                   0x08006c64   Section        0  dunder.o(i.__mathlib_dbl_infnan)
    i.__mathlib_dbl_invalid                  0x08006c6a   Section        0  dunder.o(i.__mathlib_dbl_invalid)
    i.__mathlib_dbl_underflow                0x08006c78   Section        0  dunder.o(i.__mathlib_dbl_underflow)
    i._is_digit                              0x08006c88   Section        0  __printf_wp.o(i._is_digit)
    i._sys_exit                              0x08006c96   Section        0  usart.o(i._sys_exit)
    i.delay_init                             0x08006c9c   Section        0  delay.o(i.delay_init)
    i.delay_ms                               0x08006cb0   Section        0  delay.o(i.delay_ms)
    i.delay_us                               0x08006cc8   Section        0  delay.o(i.delay_us)
    i.fputc                                  0x08006d10   Section        0  usart.o(i.fputc)
    i.main                                   0x08006d2c   Section        0  main.o(i.main)
    i.opt_delay                              0x08007050   Section        0  lcd.o(i.opt_delay)
    i.read_addr                              0x0800705e   Section        0  usmart.o(i.read_addr)
    i.sin                                    0x08007064   Section        0  sin.o(i.sin)
    i.uart_init                              0x08007104   Section        0  usart.o(i.uart_init)
    i.usmart_cmd_rec                         0x0800713c   Section        0  usmart.o(i.usmart_cmd_rec)
    i.usmart_exe                             0x080071ec   Section        0  usmart.o(i.usmart_exe)
    i.usmart_get_aparm                       0x080074c0   Section        0  usmart_str.o(i.usmart_get_aparm)
    i.usmart_get_cmdname                     0x08007594   Section        0  usmart_str.o(i.usmart_get_cmdname)
    i.usmart_get_fname                       0x080075cc   Section        0  usmart_str.o(i.usmart_get_fname)
    i.usmart_get_fparam                      0x0800778c   Section        0  usmart_str.o(i.usmart_get_fparam)
    i.usmart_get_parmpos                     0x08007898   Section        0  usmart_str.o(i.usmart_get_parmpos)
    i.usmart_get_runtime                     0x080078b8   Section        0  usmart.o(i.usmart_get_runtime)
    i.usmart_init                            0x080078fc   Section        0  usmart.o(i.usmart_init)
    i.usmart_pow                             0x08007924   Section        0  usmart_str.o(i.usmart_pow)
    i.usmart_reset_runtime                   0x0800793c   Section        0  usmart.o(i.usmart_reset_runtime)
    i.usmart_scan                            0x08007970   Section        0  usmart.o(i.usmart_scan)
    i.usmart_search_nextc                    0x08007a2c   Section        0  usmart_str.o(i.usmart_search_nextc)
    i.usmart_str2num                         0x08007a42   Section        0  usmart_str.o(i.usmart_str2num)
    i.usmart_strcmp                          0x08007b48   Section        0  usmart_str.o(i.usmart_strcmp)
    i.usmart_strcopy                         0x08007b6a   Section        0  usmart_str.o(i.usmart_strcopy)
    i.usmart_strlen                          0x08007b80   Section        0  usmart_str.o(i.usmart_strlen)
    i.usmart_sys_cmd_exe                     0x08007b98   Section        0  usmart.o(i.usmart_sys_cmd_exe)
    i.write_addr                             0x0800828c   Section        0  usmart.o(i.write_addr)
    x$fpl$d2f                                0x08008290   Section       98  d2f.o(x$fpl$d2f)
    x$fpl$dadd                               0x080082f4   Section      336  daddsub_clz.o(x$fpl$dadd)
    _dadd1                                   0x08008305   Thumb Code     0  daddsub_clz.o(x$fpl$dadd)
    x$fpl$dcheck1                            0x08008444   Section       16  dcheck1.o(x$fpl$dcheck1)
    x$fpl$dcmpinf                            0x08008454   Section       24  dcmpi.o(x$fpl$dcmpinf)
    x$fpl$ddiv                               0x0800846c   Section      688  ddiv.o(x$fpl$ddiv)
    ddiv_entry                               0x08008473   Thumb Code     0  ddiv.o(x$fpl$ddiv)
    x$fpl$dfix                               0x0800871c   Section       94  dfix.o(x$fpl$dfix)
    x$fpl$dfixu                              0x0800877c   Section       90  dfixu.o(x$fpl$dfixu)
    x$fpl$dflt                               0x080087d6   Section       46  dflt_clz.o(x$fpl$dflt)
    x$fpl$dfltu                              0x08008804   Section       38  dflt_clz.o(x$fpl$dfltu)
    x$fpl$dleqf                              0x0800882c   Section      120  dleqf.o(x$fpl$dleqf)
    x$fpl$dmul                               0x080088a4   Section      340  dmul.o(x$fpl$dmul)
    x$fpl$dnaninf                            0x080089f8   Section      156  dnaninf.o(x$fpl$dnaninf)
    x$fpl$dretinf                            0x08008a94   Section       12  dretinf.o(x$fpl$dretinf)
    x$fpl$drleqf                             0x08008aa0   Section      108  drleqf.o(x$fpl$drleqf)
    x$fpl$drsb                               0x08008b0c   Section       22  daddsub_clz.o(x$fpl$drsb)
    x$fpl$dsub                               0x08008b24   Section      468  daddsub_clz.o(x$fpl$dsub)
    _dsub1                                   0x08008b35   Thumb Code     0  daddsub_clz.o(x$fpl$dsub)
    x$fpl$f2d                                0x08008cf8   Section       86  f2d.o(x$fpl$f2d)
    x$fpl$fadd                               0x08008d50   Section      196  faddsub_clz.o(x$fpl$fadd)
    _fadd1                                   0x08008d5f   Thumb Code     0  faddsub_clz.o(x$fpl$fadd)
    x$fpl$fcmpinf                            0x08008e14   Section       24  fcmpi.o(x$fpl$fcmpinf)
    x$fpl$fdiv                               0x08008e2c   Section      388  fdiv.o(x$fpl$fdiv)
    _fdiv1                                   0x08008e2d   Thumb Code     0  fdiv.o(x$fpl$fdiv)
    x$fpl$ffixu                              0x08008fb0   Section       62  ffixu.o(x$fpl$ffixu)
    x$fpl$ffltu                              0x08008ff0   Section       38  fflt_clz.o(x$fpl$ffltu)
    x$fpl$fleqf                              0x08009018   Section      104  fleqf.o(x$fpl$fleqf)
    x$fpl$fmul                               0x08009080   Section      258  fmul.o(x$fpl$fmul)
    x$fpl$fnaninf                            0x08009182   Section      140  fnaninf.o(x$fpl$fnaninf)
    x$fpl$fretinf                            0x0800920e   Section       10  fretinf.o(x$fpl$fretinf)
    x$fpl$frsb                               0x08009218   Section       20  faddsub_clz.o(x$fpl$frsb)
    x$fpl$fsub                               0x0800922c   Section      234  faddsub_clz.o(x$fpl$fsub)
    _fsub1                                   0x0800923b   Thumb Code     0  faddsub_clz.o(x$fpl$fsub)
    x$fpl$retnan                             0x08009316   Section      100  retnan.o(x$fpl$retnan)
    x$fpl$scalbn                             0x0800937a   Section       92  scalbn.o(x$fpl$scalbn)
    x$fpl$trapveneer                         0x080093d6   Section       48  trapv.o(x$fpl$trapveneer)
    .constdata                               0x08009406   Section       24  system_stm32f1xx.o(.constdata)
    x$fpl$usenofp                            0x08009406   Section        0  usenofp.o(x$fpl$usenofp)
    .constdata                               0x0800941e   Section     6080  lcd.o(.constdata)
    .constdata                               0x0800abde   Section       40  _printf_hex_int.o(.constdata)
    uc_hextab                                0x0800abde   Data          20  _printf_hex_int.o(.constdata)
    lc_hextab                                0x0800abf2   Data          20  _printf_hex_int.o(.constdata)
    .constdata                               0x0800ac06   Section       17  __printf_flags_ss_wp.o(.constdata)
    maptable                                 0x0800ac06   Data          17  __printf_flags_ss_wp.o(.constdata)
    .constdata                               0x0800ac18   Section       48  cos_i.o(.constdata)
    C                                        0x0800ac18   Data          48  cos_i.o(.constdata)
    .constdata                               0x0800ac48   Section      200  rred.o(.constdata)
    pio2s                                    0x0800ac48   Data          48  rred.o(.constdata)
    twooverpi                                0x0800ac78   Data         152  rred.o(.constdata)
    .constdata                               0x0800ad10   Section       40  sin_i.o(.constdata)
    S                                        0x0800ad10   Data          40  sin_i.o(.constdata)
    .conststring                             0x0800ad38   Section       40  usmart.o(.conststring)
    .conststring                             0x0800ad60   Section      107  usmart_config.o(.conststring)
    .data                                    0x20000000   Section       28  main.o(.data)
    last_x                                   0x20000018   Data           2  main.o(.data)
    last_y                                   0x2000001a   Data           2  main.o(.data)
    .data                                    0x2000001c   Section        4  system_stm32f1xx.o(.data)
    .data                                    0x20000020   Section        9  stm32f1xx_hal.o(.data)
    .data                                    0x2000002c   Section        4  delay.o(.data)
    fac_us                                   0x2000002c   Data           4  delay.o(.data)
    .data                                    0x20000030   Section        7  usart.o(.data)
    .data                                    0x20000038   Section        4  lcd.o(.data)
    .data                                    0x2000003c   Section       28  usmart.o(.data)
    .data                                    0x20000058   Section      276  usmart_config.o(.data)
    .bss                                     0x2000016c   Section      264  usart.o(.bss)
    .bss                                     0x20000274   Section       14  lcd.o(.bss)
    .bss                                     0x20000284   Section       48  adc.o(.bss)
    .bss                                     0x200002b4   Section       20  dac.o(.bss)
    .bss                                     0x200002c8   Section       64  usmart.o(.bss)
    .bss                                     0x20000308   Section       96  libspace.o(.bss)
    HEAP                                     0x20000368   Section      512  startup_stm32f103xe.o(HEAP)
    Heap_Mem                                 0x20000368   Data         512  startup_stm32f103xe.o(HEAP)
    STACK                                    0x20000568   Section     1024  startup_stm32f103xe.o(STACK)
    Stack_Mem                                0x20000568   Data        1024  startup_stm32f103xe.o(STACK)
    __initial_sp                             0x20000968   Data           0  startup_stm32f103xe.o(STACK)

    Global Symbols

    Symbol Name                              Value     Ov Type        Size  Object(Section)

    BuildAttributes$$THM_ISAv4$P$D$K$B$S$PE$A:L22UL41UL21$X:L11$S22US41US21$IEEE1$IW$USESV6$~STKCKD$USESV7$~SHL$OTIME$ROPI$IEEEX$EBA8$UX$STANDARDLIB$REQ8$PRES8$EABIv2 0x00000000   Number         0  anon$$obj.o ABSOLUTE
    __ARM_use_no_argv                        0x00000000   Number         0  main.o ABSOLUTE
    _printf_flags                            0x00000000   Number         0  printf_stubs.o ABSOLUTE
    _printf_return_value                     0x00000000   Number         0  printf_stubs.o ABSOLUTE
    _printf_sizespec                         0x00000000   Number         0  printf_stubs.o ABSOLUTE
    _printf_widthprec                        0x00000000   Number         0  printf_stubs.o ABSOLUTE
    __ARM_exceptions_init                     - Undefined Weak Reference
    __alloca_initialize                       - Undefined Weak Reference
    __arm_preinit_                            - Undefined Weak Reference
    __cpp_initialize__aeabi_                  - Undefined Weak Reference
    __cxa_finalize                            - Undefined Weak Reference
    __rt_locale                               - Undefined Weak Reference
    __sigvec_lookup                           - Undefined Weak Reference
    _atexit_init                              - Undefined Weak Reference
    _call_atexit_fns                          - Undefined Weak Reference
    _clock_init                               - Undefined Weak Reference
    _fp_trap_init                             - Undefined Weak Reference
    _fp_trap_shutdown                         - Undefined Weak Reference
    _get_lc_collate                           - Undefined Weak Reference
    _get_lc_ctype                             - Undefined Weak Reference
    _get_lc_monetary                          - Undefined Weak Reference
    _get_lc_numeric                           - Undefined Weak Reference
    _get_lc_time                              - Undefined Weak Reference
    _getenv_init                              - Undefined Weak Reference
    _handle_redirection                       - Undefined Weak Reference
    _init_alloc                               - Undefined Weak Reference
    _init_user_alloc                          - Undefined Weak Reference
    _initio                                   - Undefined Weak Reference
    _mutex_acquire                            - Undefined Weak Reference
    _mutex_release                            - Undefined Weak Reference
    _printf_mbtowc                            - Undefined Weak Reference
    _printf_truncate_signed                   - Undefined Weak Reference
    _printf_truncate_unsigned                 - Undefined Weak Reference
    _rand_init                                - Undefined Weak Reference
    _signal_finish                            - Undefined Weak Reference
    _signal_init                              - Undefined Weak Reference
    _terminate_alloc                          - Undefined Weak Reference
    _terminate_user_alloc                     - Undefined Weak Reference
    _terminateio                              - Undefined Weak Reference
    __Vectors_Size                           0x00000130   Number         0  startup_stm32f103xe.o ABSOLUTE
    __Vectors                                0x08000000   Data           4  startup_stm32f103xe.o(RESET)
    __Vectors_End                            0x08000130   Data           0  startup_stm32f103xe.o(RESET)
    __main                                   0x08000131   Thumb Code     8  __main.o(!!!main)
    __scatterload                            0x08000139   Thumb Code     0  __scatter.o(!!!scatter)
    __scatterload_rt2                        0x08000139   Thumb Code    44  __scatter.o(!!!scatter)
    __scatterload_rt2_thumb_only             0x08000139   Thumb Code     0  __scatter.o(!!!scatter)
    __scatterload_null                       0x08000147   Thumb Code     0  __scatter.o(!!!scatter)
    __decompress                             0x0800016d   Thumb Code    90  __dczerorl2.o(!!dczerorl2)
    __decompress1                            0x0800016d   Thumb Code     0  __dczerorl2.o(!!dczerorl2)
    __scatterload_zeroinit                   0x080001c9   Thumb Code    28  __scatter_zi.o(!!handler_zi)
    _printf_d                                0x080001e5   Thumb Code     0  _printf_d.o(.ARM.Collect$$_printf_percent$$00000009)
    _printf_percent                          0x080001e5   Thumb Code     0  _printf_percent.o(.ARM.Collect$$_printf_percent$$00000000)
    _printf_u                                0x080001eb   Thumb Code     0  _printf_u.o(.ARM.Collect$$_printf_percent$$0000000A)
    _printf_x                                0x080001f1   Thumb Code     0  _printf_x.o(.ARM.Collect$$_printf_percent$$0000000C)
    _printf_c                                0x080001f7   Thumb Code     0  _printf_c.o(.ARM.Collect$$_printf_percent$$00000013)
    _printf_s                                0x080001fd   Thumb Code     0  _printf_s.o(.ARM.Collect$$_printf_percent$$00000014)
    _printf_percent_end                      0x08000203   Thumb Code     0  _printf_percent_end.o(.ARM.Collect$$_printf_percent$$00000017)
    __rt_lib_init                            0x08000207   Thumb Code     0  libinit.o(.ARM.Collect$$libinit$$00000000)
    __rt_lib_init_alloca_1                   0x08000209   Thumb Code     0  libinit2.o(.ARM.Collect$$libinit$$0000002E)
    __rt_lib_init_argv_1                     0x08000209   Thumb Code     0  libinit2.o(.ARM.Collect$$libinit$$0000002C)
    __rt_lib_init_atexit_1                   0x08000209   Thumb Code     0  libinit2.o(.ARM.Collect$$libinit$$0000001B)
    __rt_lib_init_clock_1                    0x08000209   Thumb Code     0  libinit2.o(.ARM.Collect$$libinit$$00000021)
    __rt_lib_init_cpp_1                      0x08000209   Thumb Code     0  libinit2.o(.ARM.Collect$$libinit$$00000032)
    __rt_lib_init_exceptions_1               0x08000209   Thumb Code     0  libinit2.o(.ARM.Collect$$libinit$$00000030)
    __rt_lib_init_fp_1                       0x08000209   Thumb Code     0  libinit2.o(.ARM.Collect$$libinit$$00000002)
    __rt_lib_init_fp_trap_1                  0x08000209   Thumb Code     0  libinit2.o(.ARM.Collect$$libinit$$0000001F)
    __rt_lib_init_getenv_1                   0x08000209   Thumb Code     0  libinit2.o(.ARM.Collect$$libinit$$00000023)
    __rt_lib_init_heap_1                     0x08000209   Thumb Code     0  libinit2.o(.ARM.Collect$$libinit$$0000000A)
    __rt_lib_init_lc_collate_1               0x08000209   Thumb Code     0  libinit2.o(.ARM.Collect$$libinit$$00000011)
    __rt_lib_init_lc_ctype_1                 0x08000209   Thumb Code     0  libinit2.o(.ARM.Collect$$libinit$$00000013)
    __rt_lib_init_lc_monetary_1              0x08000209   Thumb Code     0  libinit2.o(.ARM.Collect$$libinit$$00000015)
    __rt_lib_init_lc_numeric_1               0x08000209   Thumb Code     0  libinit2.o(.ARM.Collect$$libinit$$00000017)
    __rt_lib_init_lc_time_1                  0x08000209   Thumb Code     0  libinit2.o(.ARM.Collect$$libinit$$00000019)
    __rt_lib_init_preinit_1                  0x08000209   Thumb Code     0  libinit2.o(.ARM.Collect$$libinit$$00000004)
    __rt_lib_init_rand_1                     0x08000209   Thumb Code     0  libinit2.o(.ARM.Collect$$libinit$$0000000E)
    __rt_lib_init_return                     0x08000209   Thumb Code     0  libinit2.o(.ARM.Collect$$libinit$$00000033)
    __rt_lib_init_signal_1                   0x08000209   Thumb Code     0  libinit2.o(.ARM.Collect$$libinit$$0000001D)
    __rt_lib_init_stdio_1                    0x08000209   Thumb Code     0  libinit2.o(.ARM.Collect$$libinit$$00000025)
    __rt_lib_init_user_alloc_1               0x08000209   Thumb Code     0  libinit2.o(.ARM.Collect$$libinit$$0000000C)
    __rt_lib_shutdown                        0x0800020b   Thumb Code     0  libshutdown.o(.ARM.Collect$$libshutdown$$00000000)
    __rt_lib_shutdown_fp_trap_1              0x0800020d   Thumb Code     0  libshutdown2.o(.ARM.Collect$$libshutdown$$00000006)
    __rt_lib_shutdown_heap_1                 0x0800020d   Thumb Code     0  libshutdown2.o(.ARM.Collect$$libshutdown$$0000000E)
    __rt_lib_shutdown_return                 0x0800020d   Thumb Code     0  libshutdown2.o(.ARM.Collect$$libshutdown$$0000000F)
    __rt_lib_shutdown_signal_1               0x0800020d   Thumb Code     0  libshutdown2.o(.ARM.Collect$$libshutdown$$00000009)
    __rt_lib_shutdown_stdio_1                0x0800020d   Thumb Code     0  libshutdown2.o(.ARM.Collect$$libshutdown$$00000003)
    __rt_lib_shutdown_user_alloc_1           0x0800020d   Thumb Code     0  libshutdown2.o(.ARM.Collect$$libshutdown$$0000000B)
    __rt_entry                               0x0800020f   Thumb Code     0  __rtentry.o(.ARM.Collect$$rtentry$$00000000)
    __rt_entry_presh_1                       0x0800020f   Thumb Code     0  __rtentry2.o(.ARM.Collect$$rtentry$$00000002)
    __rt_entry_sh                            0x0800020f   Thumb Code     0  __rtentry4.o(.ARM.Collect$$rtentry$$00000004)
    __rt_entry_li                            0x08000215   Thumb Code     0  __rtentry2.o(.ARM.Collect$$rtentry$$0000000A)
    __rt_entry_postsh_1                      0x08000215   Thumb Code     0  __rtentry2.o(.ARM.Collect$$rtentry$$00000009)
    __rt_entry_main                          0x08000219   Thumb Code     0  __rtentry2.o(.ARM.Collect$$rtentry$$0000000D)
    __rt_entry_postli_1                      0x08000219   Thumb Code     0  __rtentry2.o(.ARM.Collect$$rtentry$$0000000C)
    __rt_exit                                0x08000221   Thumb Code     0  rtexit.o(.ARM.Collect$$rtexit$$00000000)
    __rt_exit_ls                             0x08000223   Thumb Code     0  rtexit2.o(.ARM.Collect$$rtexit$$00000003)
    __rt_exit_prels_1                        0x08000223   Thumb Code     0  rtexit2.o(.ARM.Collect$$rtexit$$00000002)
    __rt_exit_exit                           0x08000227   Thumb Code     0  rtexit2.o(.ARM.Collect$$rtexit$$00000004)
    Reset_Handler                            0x0800022d   Thumb Code     8  startup_stm32f103xe.o(.text)
    ADC1_2_IRQHandler                        0x08000247   Thumb Code     0  startup_stm32f103xe.o(.text)
    ADC3_IRQHandler                          0x08000247   Thumb Code     0  startup_stm32f103xe.o(.text)
    CAN1_RX1_IRQHandler                      0x08000247   Thumb Code     0  startup_stm32f103xe.o(.text)
    CAN1_SCE_IRQHandler                      0x08000247   Thumb Code     0  startup_stm32f103xe.o(.text)
    DMA1_Channel1_IRQHandler                 0x08000247   Thumb Code     0  startup_stm32f103xe.o(.text)
    DMA1_Channel2_IRQHandler                 0x08000247   Thumb Code     0  startup_stm32f103xe.o(.text)
    DMA1_Channel3_IRQHandler                 0x08000247   Thumb Code     0  startup_stm32f103xe.o(.text)
    DMA1_Channel4_IRQHandler                 0x08000247   Thumb Code     0  startup_stm32f103xe.o(.text)
    DMA1_Channel5_IRQHandler                 0x08000247   Thumb Code     0  startup_stm32f103xe.o(.text)
    DMA1_Channel6_IRQHandler                 0x08000247   Thumb Code     0  startup_stm32f103xe.o(.text)
    DMA1_Channel7_IRQHandler                 0x08000247   Thumb Code     0  startup_stm32f103xe.o(.text)
    DMA2_Channel1_IRQHandler                 0x08000247   Thumb Code     0  startup_stm32f103xe.o(.text)
    DMA2_Channel2_IRQHandler                 0x08000247   Thumb Code     0  startup_stm32f103xe.o(.text)
    DMA2_Channel3_IRQHandler                 0x08000247   Thumb Code     0  startup_stm32f103xe.o(.text)
    DMA2_Channel4_5_IRQHandler               0x08000247   Thumb Code     0  startup_stm32f103xe.o(.text)
    EXTI0_IRQHandler                         0x08000247   Thumb Code     0  startup_stm32f103xe.o(.text)
    EXTI15_10_IRQHandler                     0x08000247   Thumb Code     0  startup_stm32f103xe.o(.text)
    EXTI1_IRQHandler                         0x08000247   Thumb Code     0  startup_stm32f103xe.o(.text)
    EXTI2_IRQHandler                         0x08000247   Thumb Code     0  startup_stm32f103xe.o(.text)
    EXTI3_IRQHandler                         0x08000247   Thumb Code     0  startup_stm32f103xe.o(.text)
    EXTI4_IRQHandler                         0x08000247   Thumb Code     0  startup_stm32f103xe.o(.text)
    EXTI9_5_IRQHandler                       0x08000247   Thumb Code     0  startup_stm32f103xe.o(.text)
    FLASH_IRQHandler                         0x08000247   Thumb Code     0  startup_stm32f103xe.o(.text)
    FSMC_IRQHandler                          0x08000247   Thumb Code     0  startup_stm32f103xe.o(.text)
    I2C1_ER_IRQHandler                       0x08000247   Thumb Code     0  startup_stm32f103xe.o(.text)
    I2C1_EV_IRQHandler                       0x08000247   Thumb Code     0  startup_stm32f103xe.o(.text)
    I2C2_ER_IRQHandler                       0x08000247   Thumb Code     0  startup_stm32f103xe.o(.text)
    I2C2_EV_IRQHandler                       0x08000247   Thumb Code     0  startup_stm32f103xe.o(.text)
    PVD_IRQHandler                           0x08000247   Thumb Code     0  startup_stm32f103xe.o(.text)
    RCC_IRQHandler                           0x08000247   Thumb Code     0  startup_stm32f103xe.o(.text)
    RTC_Alarm_IRQHandler                     0x08000247   Thumb Code     0  startup_stm32f103xe.o(.text)
    RTC_IRQHandler                           0x08000247   Thumb Code     0  startup_stm32f103xe.o(.text)
    SDIO_IRQHandler                          0x08000247   Thumb Code     0  startup_stm32f103xe.o(.text)
    SPI1_IRQHandler                          0x08000247   Thumb Code     0  startup_stm32f103xe.o(.text)
    SPI2_IRQHandler                          0x08000247   Thumb Code     0  startup_stm32f103xe.o(.text)
    SPI3_IRQHandler                          0x08000247   Thumb Code     0  startup_stm32f103xe.o(.text)
    TAMPER_IRQHandler                        0x08000247   Thumb Code     0  startup_stm32f103xe.o(.text)
    TIM1_BRK_IRQHandler                      0x08000247   Thumb Code     0  startup_stm32f103xe.o(.text)
    TIM1_CC_IRQHandler                       0x08000247   Thumb Code     0  startup_stm32f103xe.o(.text)
    TIM1_TRG_COM_IRQHandler                  0x08000247   Thumb Code     0  startup_stm32f103xe.o(.text)
    TIM1_UP_IRQHandler                       0x08000247   Thumb Code     0  startup_stm32f103xe.o(.text)
    TIM2_IRQHandler                          0x08000247   Thumb Code     0  startup_stm32f103xe.o(.text)
    TIM3_IRQHandler                          0x08000247   Thumb Code     0  startup_stm32f103xe.o(.text)
    TIM5_IRQHandler                          0x08000247   Thumb Code     0  startup_stm32f103xe.o(.text)
    TIM6_IRQHandler                          0x08000247   Thumb Code     0  startup_stm32f103xe.o(.text)
    TIM7_IRQHandler                          0x08000247   Thumb Code     0  startup_stm32f103xe.o(.text)
    TIM8_BRK_IRQHandler                      0x08000247   Thumb Code     0  startup_stm32f103xe.o(.text)
    TIM8_CC_IRQHandler                       0x08000247   Thumb Code     0  startup_stm32f103xe.o(.text)
    TIM8_TRG_COM_IRQHandler                  0x08000247   Thumb Code     0  startup_stm32f103xe.o(.text)
    TIM8_UP_IRQHandler                       0x08000247   Thumb Code     0  startup_stm32f103xe.o(.text)
    UART4_IRQHandler                         0x08000247   Thumb Code     0  startup_stm32f103xe.o(.text)
    UART5_IRQHandler                         0x08000247   Thumb Code     0  startup_stm32f103xe.o(.text)
    USART2_IRQHandler                        0x08000247   Thumb Code     0  startup_stm32f103xe.o(.text)
    USART3_IRQHandler                        0x08000247   Thumb Code     0  startup_stm32f103xe.o(.text)
    USBWakeUp_IRQHandler                     0x08000247   Thumb Code     0  startup_stm32f103xe.o(.text)
    USB_HP_CAN1_TX_IRQHandler                0x08000247   Thumb Code     0  startup_stm32f103xe.o(.text)
    USB_LP_CAN1_RX0_IRQHandler               0x08000247   Thumb Code     0  startup_stm32f103xe.o(.text)
    WWDG_IRQHandler                          0x08000247   Thumb Code     0  startup_stm32f103xe.o(.text)
    __user_initial_stackheap                 0x08000249   Thumb Code     0  startup_stm32f103xe.o(.text)
    __use_no_semihosting                     0x0800026d   Thumb Code     2  use_no_semi_2.o(.text)
    __2printf                                0x08000271   Thumb Code    20  noretval__2printf.o(.text)
    _printf_pre_padding                      0x08000289   Thumb Code    44  _printf_pad.o(.text)
    _printf_post_padding                     0x080002b5   Thumb Code    34  _printf_pad.o(.text)
    _printf_str                              0x080002d7   Thumb Code    82  _printf_str.o(.text)
    _printf_int_dec                          0x08000329   Thumb Code   104  _printf_dec.o(.text)
    _printf_int_hex                          0x080003a1   Thumb Code    84  _printf_hex_int.o(.text)
    _printf_longlong_hex                     0x080003a1   Thumb Code     0  _printf_hex_int.o(.text)
    __printf                                 0x080003f9   Thumb Code   388  __printf_flags_ss_wp.o(.text)
    __use_two_region_memory                  0x08000581   Thumb Code     2  heapauxi.o(.text)
    __rt_heap_escrow$2region                 0x08000583   Thumb Code     2  heapauxi.o(.text)
    __rt_heap_expand$2region                 0x08000585   Thumb Code     2  heapauxi.o(.text)
    __I$use$semihosting                      0x08000587   Thumb Code     0  use_no_semi.o(.text)
    __use_no_semihosting_swi                 0x08000587   Thumb Code     2  use_no_semi.o(.text)
    __read_errno                             0x08000589   Thumb Code    10  _rserrno.o(.text)
    __set_errno                              0x08000593   Thumb Code    12  _rserrno.o(.text)
    _printf_int_common                       0x0800059f   Thumb Code   178  _printf_intcommon.o(.text)
    _printf_cs_common                        0x08000651   Thumb Code    20  _printf_char.o(.text)
    _printf_char                             0x08000665   Thumb Code    16  _printf_char.o(.text)
    _printf_string                           0x08000675   Thumb Code     8  _printf_char.o(.text)
    _printf_char_file                        0x0800067d   Thumb Code    32  _printf_char_file.o(.text)
    __aeabi_errno_addr                       0x080006a1   Thumb Code     8  rt_errno_addr_intlibspace.o(.text)
    __errno$intlibspace                      0x080006a1   Thumb Code     0  rt_errno_addr_intlibspace.o(.text)
    __rt_errno_addr$intlibspace              0x080006a1   Thumb Code     0  rt_errno_addr_intlibspace.o(.text)
    _printf_char_common                      0x080006b3   Thumb Code    32  _printf_char_common.o(.text)
    ferror                                   0x080006d9   Thumb Code     8  ferror.o(.text)
    __user_libspace                          0x080006e1   Thumb Code     8  libspace.o(.text)
    __user_perproc_libspace                  0x080006e1   Thumb Code     0  libspace.o(.text)
    __user_perthread_libspace                0x080006e1   Thumb Code     0  libspace.o(.text)
    __user_setup_stackheap                   0x080006e9   Thumb Code    74  sys_stackheap_outer.o(.text)
    exit                                     0x08000733   Thumb Code    12  exit.o(.text)
    ADC_ConversionStop_Disable               0x0800073f   Thumb Code    82  stm32f1xx_hal_adc.o(i.ADC_ConversionStop_Disable)
    ADC_Enable                               0x08000791   Thumb Code   122  stm32f1xx_hal_adc.o(i.ADC_Enable)
    BusFault_Handler                         0x08000815   Thumb Code     4  stm32f1xx_it.o(i.BusFault_Handler)
    DAC1_Set_Vol                             0x08000819   Thumb Code    86  dac.o(i.DAC1_Set_Vol)
    DebugMon_Handler                         0x08000881   Thumb Code     2  stm32f1xx_it.o(i.DebugMon_Handler)
    Draw_Axis                                0x08000885   Thumb Code   136  main.o(i.Draw_Axis)
    Draw_Curve                               0x08000929   Thumb Code   198  main.o(i.Draw_Curve)
    Get_Adc                                  0x08000a15   Thumb Code    46  adc.o(i.Get_Adc)
    Get_Adc_Average                          0x08000a49   Thumb Code    46  adc.o(i.Get_Adc_Average)
    HAL_ADCEx_Calibration_Start              0x08000a79   Thumb Code   256  stm32f1xx_hal_adc_ex.o(i.HAL_ADCEx_Calibration_Start)
    HAL_ADC_ConfigChannel                    0x08000b7d   Thumb Code   338  stm32f1xx_hal_adc.o(i.HAL_ADC_ConfigChannel)
    HAL_ADC_GetValue                         0x08000cdd   Thumb Code     8  stm32f1xx_hal_adc.o(i.HAL_ADC_GetValue)
    HAL_ADC_Init                             0x08000ce5   Thumb Code   340  stm32f1xx_hal_adc.o(i.HAL_ADC_Init)
    HAL_ADC_MspInit                          0x08000e45   Thumb Code    84  adc.o(i.HAL_ADC_MspInit)
    HAL_ADC_PollForConversion                0x08000ea1   Thumb Code   350  stm32f1xx_hal_adc.o(i.HAL_ADC_PollForConversion)
    HAL_ADC_Start                            0x08001011   Thumb Code   294  stm32f1xx_hal_adc.o(i.HAL_ADC_Start)
    HAL_DAC_ConfigChannel                    0x08001141   Thumb Code   116  stm32f1xx_hal_dac.o(i.HAL_DAC_ConfigChannel)
    HAL_DAC_Init                             0x080011b5   Thumb Code    40  stm32f1xx_hal_dac.o(i.HAL_DAC_Init)
    HAL_DAC_MspInit                          0x080011dd   Thumb Code    84  dac.o(i.HAL_DAC_MspInit)
    HAL_DAC_SetValue                         0x08001239   Thumb Code    44  stm32f1xx_hal_dac.o(i.HAL_DAC_SetValue)
    HAL_DAC_Start                            0x08001265   Thumb Code   120  stm32f1xx_hal_dac.o(i.HAL_DAC_Start)
    HAL_DMA_Abort_IT                         0x080012dd   Thumb Code   414  stm32f1xx_hal_dma.o(i.HAL_DMA_Abort_IT)
    HAL_GPIO_Init                            0x08001485   Thumb Code   792  stm32f1xx_hal_gpio.o(i.HAL_GPIO_Init)
    HAL_GPIO_WritePin                        0x080017c5   Thumb Code    12  stm32f1xx_hal_gpio.o(i.HAL_GPIO_WritePin)
    HAL_GetTick                              0x080017d1   Thumb Code     6  stm32f1xx_hal.o(i.HAL_GetTick)
    HAL_IncTick                              0x080017dd   Thumb Code    16  stm32f1xx_hal.o(i.HAL_IncTick)
    HAL_Init                                 0x080017f5   Thumb Code    34  stm32f1xx_hal.o(i.HAL_Init)
    HAL_InitTick                             0x0800181d   Thumb Code    64  stm32f1xx_hal.o(i.HAL_InitTick)
    HAL_MspInit                              0x08001869   Thumb Code     2  stm32f1xx_hal_msp.o(i.HAL_MspInit)
    HAL_NVIC_EnableIRQ                       0x0800186b   Thumb Code    32  stm32f1xx_hal_cortex.o(i.HAL_NVIC_EnableIRQ)
    HAL_NVIC_SetPriority                     0x0800188b   Thumb Code   124  stm32f1xx_hal_cortex.o(i.HAL_NVIC_SetPriority)
    HAL_NVIC_SetPriorityGrouping             0x08001909   Thumb Code    32  stm32f1xx_hal_cortex.o(i.HAL_NVIC_SetPriorityGrouping)
    HAL_RCCEx_GetPeriphCLKFreq               0x08001931   Thumb Code   276  stm32f1xx_hal_rcc_ex.o(i.HAL_RCCEx_GetPeriphCLKFreq)
    HAL_RCCEx_PeriphCLKConfig                0x08001a65   Thumb Code   288  stm32f1xx_hal_rcc_ex.o(i.HAL_RCCEx_PeriphCLKConfig)
    HAL_RCC_ClockConfig                      0x08001b91   Thumb Code   376  stm32f1xx_hal_rcc.o(i.HAL_RCC_ClockConfig)
    HAL_RCC_GetHCLKFreq                      0x08001d1d   Thumb Code     6  stm32f1xx_hal_rcc.o(i.HAL_RCC_GetHCLKFreq)
    HAL_RCC_GetPCLK1Freq                     0x08001d29   Thumb Code    22  stm32f1xx_hal_rcc.o(i.HAL_RCC_GetPCLK1Freq)
    HAL_RCC_GetPCLK2Freq                     0x08001d49   Thumb Code    22  stm32f1xx_hal_rcc.o(i.HAL_RCC_GetPCLK2Freq)
    HAL_RCC_GetSysClockFreq                  0x08001d69   Thumb Code   116  stm32f1xx_hal_rcc.o(i.HAL_RCC_GetSysClockFreq)
    HAL_RCC_OscConfig                        0x08001dfd   Thumb Code  1114  stm32f1xx_hal_rcc.o(i.HAL_RCC_OscConfig)
    HAL_SYSTICK_CLKSourceConfig              0x08002261   Thumb Code    40  stm32f1xx_hal_cortex.o(i.HAL_SYSTICK_CLKSourceConfig)
    HAL_SYSTICK_Config                       0x08002289   Thumb Code    52  stm32f1xx_hal_cortex.o(i.HAL_SYSTICK_Config)
    HAL_TIM_Base_Init                        0x080022bd   Thumb Code    52  stm32f1xx_hal_tim.o(i.HAL_TIM_Base_Init)
    HAL_TIM_Base_MspInit                     0x080022f1   Thumb Code     2  stm32f1xx_hal_tim.o(i.HAL_TIM_Base_MspInit)
    HAL_TIM_Base_Start_IT                    0x080022f3   Thumb Code    42  stm32f1xx_hal_tim.o(i.HAL_TIM_Base_Start_IT)
    HAL_UART_ErrorCallback                   0x0800231d   Thumb Code     2  stm32f1xx_hal_uart.o(i.HAL_UART_ErrorCallback)
    HAL_UART_GetState                        0x0800231f   Thumb Code    20  stm32f1xx_hal_uart.o(i.HAL_UART_GetState)
    HAL_UART_IRQHandler                      0x08002335   Thumb Code   326  stm32f1xx_hal_uart.o(i.HAL_UART_IRQHandler)
    HAL_UART_Init                            0x08002481   Thumb Code   114  stm32f1xx_hal_uart.o(i.HAL_UART_Init)
    HAL_UART_MspInit                         0x080024f5   Thumb Code   156  usart.o(i.HAL_UART_MspInit)
    HAL_UART_Receive_IT                      0x0800259d   Thumb Code   112  stm32f1xx_hal_uart.o(i.HAL_UART_Receive_IT)
    HAL_UART_RxCpltCallback                  0x0800260d   Thumb Code   120  usart.o(i.HAL_UART_RxCpltCallback)
    HAL_UART_TxCpltCallback                  0x08002695   Thumb Code     2  stm32f1xx_hal_uart.o(i.HAL_UART_TxCpltCallback)
    HardFault_Handler                        0x08002697   Thumb Code     4  stm32f1xx_it.o(i.HardFault_Handler)
    LCD_Clear                                0x0800269d   Thumb Code    64  lcd.o(i.LCD_Clear)
    LCD_Display_Dir                          0x080026e9   Thumb Code   298  lcd.o(i.LCD_Display_Dir)
    LCD_DrawLine                             0x08002819   Thumb Code   176  lcd.o(i.LCD_DrawLine)
    LCD_DrawPoint                            0x080028c9   Thumb Code    52  lcd.o(i.LCD_DrawPoint)
    LCD_Fast_DrawPoint                       0x08002909   Thumb Code   630  lcd.o(i.LCD_Fast_DrawPoint)
    LCD_Init                                 0x08002b8d   Thumb Code 10618  lcd.o(i.LCD_Init)
    LCD_Pow                                  0x08005515   Thumb Code    22  lcd.o(i.LCD_Pow)
    LCD_RD_DATA                              0x0800552d   Thumb Code    86  lcd.o(i.LCD_RD_DATA)
    LCD_SSD_BackLightSet                     0x0800558d   Thumb Code   198  lcd.o(i.LCD_SSD_BackLightSet)
    LCD_Scan_Dir                             0x08005661   Thumb Code   916  lcd.o(i.LCD_Scan_Dir)
    LCD_SetCursor                            0x08005a01   Thumb Code   720  lcd.o(i.LCD_SetCursor)
    LCD_ShowChar                             0x08005cdd   Thumb Code   272  lcd.o(i.LCD_ShowChar)
    LCD_ShowString                           0x08005e05   Thumb Code   102  lcd.o(i.LCD_ShowString)
    LCD_ShowxNum                             0x08005e6b   Thumb Code   190  lcd.o(i.LCD_ShowxNum)
    LCD_WR_DATAX                             0x08005f29   Thumb Code    28  lcd.o(i.LCD_WR_DATAX)
    LCD_WR_REG                               0x08005f4d   Thumb Code    28  lcd.o(i.LCD_WR_REG)
    LCD_WriteRAM_Prepare                     0x08005f71   Thumb Code    12  lcd.o(i.LCD_WriteRAM_Prepare)
    LCD_WriteReg                             0x08005f81   Thumb Code    40  lcd.o(i.LCD_WriteReg)
    LED_Init                                 0x08005fb1   Thumb Code   116  led.o(i.LED_Init)
    MY_ADC_Init                              0x08006031   Thumb Code    66  adc.o(i.MY_ADC_Init)
    MemManage_Handler                        0x0800607d   Thumb Code     4  stm32f1xx_it.o(i.MemManage_Handler)
    NMI_Handler                              0x08006081   Thumb Code     2  stm32f1xx_it.o(i.NMI_Handler)
    PendSV_Handler                           0x08006083   Thumb Code     2  stm32f1xx_it.o(i.PendSV_Handler)
    SVC_Handler                              0x080060ad   Thumb Code     2  stm32f1xx_it.o(i.SVC_Handler)
    Stm32_Clock_Init                         0x080060af   Thumb Code    86  sys.o(i.Stm32_Clock_Init)
    SysTick_Handler                          0x08006105   Thumb Code     8  stm32f1xx_it.o(i.SysTick_Handler)
    SystemInit                               0x0800610d   Thumb Code    70  system_stm32f1xx.o(i.SystemInit)
    TIM4_IRQHandler                          0x08006165   Thumb Code    58  usmart.o(i.TIM4_IRQHandler)
    TIM_Base_SetConfig                       0x080061a9   Thumb Code   134  stm32f1xx_hal_tim.o(i.TIM_Base_SetConfig)
    Timer4_Init                              0x08006245   Thumb Code    80  usmart.o(i.Timer4_Init)
    USART1_IRQHandler                        0x080065a5   Thumb Code    56  usart.o(i.USART1_IRQHandler)
    UsageFault_Handler                       0x080065e5   Thumb Code     4  stm32f1xx_it.o(i.UsageFault_Handler)
    __ARM_fpclassify                         0x080065e9   Thumb Code    40  fpclassify.o(i.__ARM_fpclassify)
    __ieee754_rem_pio2                       0x08006649   Thumb Code   828  rred.o(i.__ieee754_rem_pio2)
    __kernel_cos                             0x080069d1   Thumb Code   230  cos_i.o(i.__kernel_cos)
    __kernel_poly                            0x08006acd   Thumb Code   170  poly.o(i.__kernel_poly)
    __kernel_sin                             0x08006b79   Thumb Code   224  sin_i.o(i.__kernel_sin)
    __mathlib_dbl_infnan                     0x08006c65   Thumb Code     6  dunder.o(i.__mathlib_dbl_infnan)
    __mathlib_dbl_invalid                    0x08006c6b   Thumb Code    12  dunder.o(i.__mathlib_dbl_invalid)
    __mathlib_dbl_underflow                  0x08006c79   Thumb Code    10  dunder.o(i.__mathlib_dbl_underflow)
    _is_digit                                0x08006c89   Thumb Code    14  __printf_wp.o(i._is_digit)
    _sys_exit                                0x08006c97   Thumb Code     4  usart.o(i._sys_exit)
    delay_init                               0x08006c9d   Thumb Code    16  delay.o(i.delay_init)
    delay_ms                                 0x08006cb1   Thumb Code    24  delay.o(i.delay_ms)
    delay_us                                 0x08006cc9   Thumb Code    68  delay.o(i.delay_us)
    fputc                                    0x08006d11   Thumb Code    24  usart.o(i.fputc)
    main                                     0x08006d2d   Thumb Code   642  main.o(i.main)
    opt_delay                                0x08007051   Thumb Code    14  lcd.o(i.opt_delay)
    read_addr                                0x0800705f   Thumb Code     6  usmart.o(i.read_addr)
    sin                                      0x08007065   Thumb Code   150  sin.o(i.sin)
    uart_init                                0x08007105   Thumb Code    44  usart.o(i.uart_init)
    usmart_cmd_rec                           0x0800713d   Thumb Code   170  usmart.o(i.usmart_cmd_rec)
    usmart_exe                               0x080071ed   Thumb Code   632  usmart.o(i.usmart_exe)
    usmart_get_aparm                         0x080074c1   Thumb Code   212  usmart_str.o(i.usmart_get_aparm)
    usmart_get_cmdname                       0x08007595   Thumb Code    54  usmart_str.o(i.usmart_get_cmdname)
    usmart_get_fname                         0x080075cd   Thumb Code   440  usmart_str.o(i.usmart_get_fname)
    usmart_get_fparam                        0x0800778d   Thumb Code   262  usmart_str.o(i.usmart_get_fparam)
    usmart_get_parmpos                       0x08007899   Thumb Code    26  usmart_str.o(i.usmart_get_parmpos)
    usmart_get_runtime                       0x080078b9   Thumb Code    58  usmart.o(i.usmart_get_runtime)
    usmart_init                              0x080078fd   Thumb Code    36  usmart.o(i.usmart_init)
    usmart_pow                               0x08007925   Thumb Code    22  usmart_str.o(i.usmart_pow)
    usmart_reset_runtime                     0x0800793d   Thumb Code    44  usmart.o(i.usmart_reset_runtime)
    usmart_scan                              0x08007971   Thumb Code   120  usmart.o(i.usmart_scan)
    usmart_search_nextc                      0x08007a2d   Thumb Code    22  usmart_str.o(i.usmart_search_nextc)
    usmart_str2num                           0x08007a43   Thumb Code   262  usmart_str.o(i.usmart_str2num)
    usmart_strcmp                            0x08007b49   Thumb Code    34  usmart_str.o(i.usmart_strcmp)
    usmart_strcopy                           0x08007b6b   Thumb Code    22  usmart_str.o(i.usmart_strcopy)
    usmart_strlen                            0x08007b81   Thumb Code    24  usmart_str.o(i.usmart_strlen)
    usmart_sys_cmd_exe                       0x08007b99   Thumb Code  1570  usmart.o(i.usmart_sys_cmd_exe)
    write_addr                               0x0800828d   Thumb Code     4  usmart.o(i.write_addr)
    __aeabi_d2f                              0x08008291   Thumb Code     0  d2f.o(x$fpl$d2f)
    _d2f                                     0x08008291   Thumb Code    98  d2f.o(x$fpl$d2f)
    __aeabi_dadd                             0x080082f5   Thumb Code     0  daddsub_clz.o(x$fpl$dadd)
    _dadd                                    0x080082f5   Thumb Code   332  daddsub_clz.o(x$fpl$dadd)
    __fpl_dcheck_NaN1                        0x08008445   Thumb Code    10  dcheck1.o(x$fpl$dcheck1)
    __fpl_dcmp_Inf                           0x08008455   Thumb Code    24  dcmpi.o(x$fpl$dcmpinf)
    __aeabi_ddiv                             0x0800846d   Thumb Code     0  ddiv.o(x$fpl$ddiv)
    _ddiv                                    0x0800846d   Thumb Code   552  ddiv.o(x$fpl$ddiv)
    __aeabi_d2iz                             0x0800871d   Thumb Code     0  dfix.o(x$fpl$dfix)
    _dfix                                    0x0800871d   Thumb Code    94  dfix.o(x$fpl$dfix)
    __aeabi_d2uiz                            0x0800877d   Thumb Code     0  dfixu.o(x$fpl$dfixu)
    _dfixu                                   0x0800877d   Thumb Code    90  dfixu.o(x$fpl$dfixu)
    __aeabi_i2d                              0x080087d7   Thumb Code     0  dflt_clz.o(x$fpl$dflt)
    _dflt                                    0x080087d7   Thumb Code    46  dflt_clz.o(x$fpl$dflt)
    __aeabi_ui2d                             0x08008805   Thumb Code     0  dflt_clz.o(x$fpl$dfltu)
    _dfltu                                   0x08008805   Thumb Code    38  dflt_clz.o(x$fpl$dfltu)
    __aeabi_cdcmple                          0x0800882d   Thumb Code     0  dleqf.o(x$fpl$dleqf)
    _dcmple                                  0x0800882d   Thumb Code   120  dleqf.o(x$fpl$dleqf)
    __fpl_dcmple_InfNaN                      0x0800888f   Thumb Code     0  dleqf.o(x$fpl$dleqf)
    __aeabi_dmul                             0x080088a5   Thumb Code     0  dmul.o(x$fpl$dmul)
    _dmul                                    0x080088a5   Thumb Code   332  dmul.o(x$fpl$dmul)
    __fpl_dnaninf                            0x080089f9   Thumb Code   156  dnaninf.o(x$fpl$dnaninf)
    __fpl_dretinf                            0x08008a95   Thumb Code    12  dretinf.o(x$fpl$dretinf)
    __aeabi_cdrcmple                         0x08008aa1   Thumb Code     0  drleqf.o(x$fpl$drleqf)
    _drcmple                                 0x08008aa1   Thumb Code   108  drleqf.o(x$fpl$drleqf)
    __aeabi_drsub                            0x08008b0d   Thumb Code     0  daddsub_clz.o(x$fpl$drsb)
    _drsb                                    0x08008b0d   Thumb Code    22  daddsub_clz.o(x$fpl$drsb)
    __aeabi_dsub                             0x08008b25   Thumb Code     0  daddsub_clz.o(x$fpl$dsub)
    _dsub                                    0x08008b25   Thumb Code   464  daddsub_clz.o(x$fpl$dsub)
    __aeabi_f2d                              0x08008cf9   Thumb Code     0  f2d.o(x$fpl$f2d)
    _f2d                                     0x08008cf9   Thumb Code    86  f2d.o(x$fpl$f2d)
    __aeabi_fadd                             0x08008d51   Thumb Code     0  faddsub_clz.o(x$fpl$fadd)
    _fadd                                    0x08008d51   Thumb Code   196  faddsub_clz.o(x$fpl$fadd)
    __fpl_fcmp_Inf                           0x08008e15   Thumb Code    24  fcmpi.o(x$fpl$fcmpinf)
    __aeabi_fdiv                             0x08008e2d   Thumb Code     0  fdiv.o(x$fpl$fdiv)
    _fdiv                                    0x08008e2d   Thumb Code   384  fdiv.o(x$fpl$fdiv)
    __aeabi_f2uiz                            0x08008fb1   Thumb Code     0  ffixu.o(x$fpl$ffixu)
    _ffixu                                   0x08008fb1   Thumb Code    62  ffixu.o(x$fpl$ffixu)
    __aeabi_ui2f                             0x08008ff1   Thumb Code     0  fflt_clz.o(x$fpl$ffltu)
    _ffltu                                   0x08008ff1   Thumb Code    38  fflt_clz.o(x$fpl$ffltu)
    __aeabi_cfcmple                          0x08009019   Thumb Code     0  fleqf.o(x$fpl$fleqf)
    _fcmple                                  0x08009019   Thumb Code   104  fleqf.o(x$fpl$fleqf)
    __fpl_fcmple_InfNaN                      0x0800906b   Thumb Code     0  fleqf.o(x$fpl$fleqf)
    __aeabi_fmul                             0x08009081   Thumb Code     0  fmul.o(x$fpl$fmul)
    _fmul                                    0x08009081   Thumb Code   258  fmul.o(x$fpl$fmul)
    __fpl_fnaninf                            0x08009183   Thumb Code   140  fnaninf.o(x$fpl$fnaninf)
    __fpl_fretinf                            0x0800920f   Thumb Code    10  fretinf.o(x$fpl$fretinf)
    __aeabi_frsub                            0x08009219   Thumb Code     0  faddsub_clz.o(x$fpl$frsb)
    _frsb                                    0x08009219   Thumb Code    20  faddsub_clz.o(x$fpl$frsb)
    __aeabi_fsub                             0x0800922d   Thumb Code     0  faddsub_clz.o(x$fpl$fsub)
    _fsub                                    0x0800922d   Thumb Code   234  faddsub_clz.o(x$fpl$fsub)
    __fpl_return_NaN                         0x08009317   Thumb Code   100  retnan.o(x$fpl$retnan)
    __ARM_scalbn                             0x0800937b   Thumb Code    92  scalbn.o(x$fpl$scalbn)
    __fpl_cmpreturn                          0x080093d7   Thumb Code    48  trapv.o(x$fpl$trapveneer)
    AHBPrescTable                            0x08009406   Data          16  system_stm32f1xx.o(.constdata)
    __I$use$fp                               0x08009406   Number         0  usenofp.o(x$fpl$usenofp)
    APBPrescTable                            0x08009416   Data           8  system_stm32f1xx.o(.constdata)
    asc2_1206                                0x0800941e   Data        1140  lcd.o(.constdata)
    asc2_1608                                0x08009892   Data        1520  lcd.o(.constdata)
    asc2_2412                                0x08009e82   Data        3420  lcd.o(.constdata)
    Region$$Table$$Base                      0x0800adcc   Number         0  anon$$obj.o(Region$$Table)
    Region$$Table$$Limit                     0x0800adec   Number         0  anon$$obj.o(Region$$Table)
    adcx                                     0x20000000   Data           2  main.o(.data)
    temp                                     0x20000004   Data           4  main.o(.data)
    angle                                    0x20000008   Data           4  main.o(.data)
    voltage                                  0x2000000c   Data           4  main.o(.data)
    step                                     0x20000010   Data           4  main.o(.data)
    waveType                                 0x20000014   Data           4  main.o(.data)
    SystemCoreClock                          0x2000001c   Data           4  system_stm32f1xx.o(.data)
    uwTick                                   0x20000020   Data           4  stm32f1xx_hal.o(.data)
    uwTickPrio                               0x20000024   Data           4  stm32f1xx_hal.o(.data)
    uwTickFreq                               0x20000028   Data           1  stm32f1xx_hal.o(.data)
    __stdout                                 0x20000030   Data           4  usart.o(.data)
    USART_RX_STA                             0x20000034   Data           2  usart.o(.data)
    aRxBuffer                                0x20000036   Data           1  usart.o(.data)
    POINT_COLOR                              0x20000038   Data           2  lcd.o(.data)
    BACK_COLOR                               0x2000003a   Data           2  lcd.o(.data)
    sys_cmd_tab                              0x2000003c   Data          28  usmart.o(.data)
    usmart_nametab                           0x20000058   Data          32  usmart_config.o(.data)
    usmart_dev                               0x20000078   Data         244  usmart_config.o(.data)
    USART_RX_BUF                             0x2000016c   Data         200  usart.o(.bss)
    UART1_Handler                            0x20000234   Data          64  usart.o(.bss)
    lcddev                                   0x20000274   Data          14  lcd.o(.bss)
    ADC1_Handler                             0x20000284   Data          48  adc.o(.bss)
    DAC1_Handler                             0x200002b4   Data          20  dac.o(.bss)
    TIM4_Handler                             0x200002c8   Data          64  usmart.o(.bss)
    __libspace_start                         0x20000308   Data          96  libspace.o(.bss)
    __temporary_stack_top$libspace           0x20000368   Data           0  libspace.o(.bss)



==============================================================================

Memory Map of the image

  Image Entry point : 0x08000131

  Load Region LR_IROM1 (Base: 0x08000000, Size: 0x0000af58, Max: 0x00040000, ABSOLUTE, COMPRESSED[0x0000ae4c])

    Execution Region ER_IROM1 (Base: 0x08000000, Size: 0x0000adec, Max: 0x00040000, ABSOLUTE)

    Base Addr    Size         Type   Attr      Idx    E Section Name        Object

    0x08000000   0x00000130   Data   RO          482    RESET               startup_stm32f103xe.o
    0x08000130   0x00000008   Code   RO         4026  * !!!main             c_w.l(__main.o)
    0x08000138   0x00000034   Code   RO         4323    !!!scatter          c_w.l(__scatter.o)
    0x0800016c   0x0000005a   Code   RO         4321    !!dczerorl2         c_w.l(__dczerorl2.o)
    0x080001c6   0x00000002   PAD
    0x080001c8   0x0000001c   Code   RO         4325    !!handler_zi        c_w.l(__scatter_zi.o)
    0x080001e4   0x00000000   Code   RO         4023    .ARM.Collect$$_printf_percent$$00000000  c_w.l(_printf_percent.o)
    0x080001e4   0x00000006   Code   RO         4021    .ARM.Collect$$_printf_percent$$00000009  c_w.l(_printf_d.o)
    0x080001ea   0x00000006   Code   RO         4022    .ARM.Collect$$_printf_percent$$0000000A  c_w.l(_printf_u.o)
    0x080001f0   0x00000006   Code   RO         4020    .ARM.Collect$$_printf_percent$$0000000C  c_w.l(_printf_x.o)
    0x080001f6   0x00000006   Code   RO         4018    .ARM.Collect$$_printf_percent$$00000013  c_w.l(_printf_c.o)
    0x080001fc   0x00000006   Code   RO         4019    .ARM.Collect$$_printf_percent$$00000014  c_w.l(_printf_s.o)
    0x08000202   0x00000004   Code   RO         4101    .ARM.Collect$$_printf_percent$$00000017  c_w.l(_printf_percent_end.o)
    0x08000206   0x00000002   Code   RO         4193    .ARM.Collect$$libinit$$00000000  c_w.l(libinit.o)
    0x08000208   0x00000000   Code   RO         4199    .ARM.Collect$$libinit$$00000002  c_w.l(libinit2.o)
    0x08000208   0x00000000   Code   RO         4201    .ARM.Collect$$libinit$$00000004  c_w.l(libinit2.o)
    0x08000208   0x00000000   Code   RO         4204    .ARM.Collect$$libinit$$0000000A  c_w.l(libinit2.o)
    0x08000208   0x00000000   Code   RO         4206    .ARM.Collect$$libinit$$0000000C  c_w.l(libinit2.o)
    0x08000208   0x00000000   Code   RO         4208    .ARM.Collect$$libinit$$0000000E  c_w.l(libinit2.o)
    0x08000208   0x00000000   Code   RO         4211    .ARM.Collect$$libinit$$00000011  c_w.l(libinit2.o)
    0x08000208   0x00000000   Code   RO         4213    .ARM.Collect$$libinit$$00000013  c_w.l(libinit2.o)
    0x08000208   0x00000000   Code   RO         4215    .ARM.Collect$$libinit$$00000015  c_w.l(libinit2.o)
    0x08000208   0x00000000   Code   RO         4217    .ARM.Collect$$libinit$$00000017  c_w.l(libinit2.o)
    0x08000208   0x00000000   Code   RO         4219    .ARM.Collect$$libinit$$00000019  c_w.l(libinit2.o)
    0x08000208   0x00000000   Code   RO         4221    .ARM.Collect$$libinit$$0000001B  c_w.l(libinit2.o)
    0x08000208   0x00000000   Code   RO         4223    .ARM.Collect$$libinit$$0000001D  c_w.l(libinit2.o)
    0x08000208   0x00000000   Code   RO         4225    .ARM.Collect$$libinit$$0000001F  c_w.l(libinit2.o)
    0x08000208   0x00000000   Code   RO         4227    .ARM.Collect$$libinit$$00000021  c_w.l(libinit2.o)
    0x08000208   0x00000000   Code   RO         4229    .ARM.Collect$$libinit$$00000023  c_w.l(libinit2.o)
    0x08000208   0x00000000   Code   RO         4231    .ARM.Collect$$libinit$$00000025  c_w.l(libinit2.o)
    0x08000208   0x00000000   Code   RO         4235    .ARM.Collect$$libinit$$0000002C  c_w.l(libinit2.o)
    0x08000208   0x00000000   Code   RO         4237    .ARM.Collect$$libinit$$0000002E  c_w.l(libinit2.o)
    0x08000208   0x00000000   Code   RO         4239    .ARM.Collect$$libinit$$00000030  c_w.l(libinit2.o)
    0x08000208   0x00000000   Code   RO         4241    .ARM.Collect$$libinit$$00000032  c_w.l(libinit2.o)
    0x08000208   0x00000002   Code   RO         4242    .ARM.Collect$$libinit$$00000033  c_w.l(libinit2.o)
    0x0800020a   0x00000002   Code   RO         4264    .ARM.Collect$$libshutdown$$00000000  c_w.l(libshutdown.o)
    0x0800020c   0x00000000   Code   RO         4275    .ARM.Collect$$libshutdown$$00000003  c_w.l(libshutdown2.o)
    0x0800020c   0x00000000   Code   RO         4278    .ARM.Collect$$libshutdown$$00000006  c_w.l(libshutdown2.o)
    0x0800020c   0x00000000   Code   RO         4281    .ARM.Collect$$libshutdown$$00000009  c_w.l(libshutdown2.o)
    0x0800020c   0x00000000   Code   RO         4283    .ARM.Collect$$libshutdown$$0000000B  c_w.l(libshutdown2.o)
    0x0800020c   0x00000000   Code   RO         4286    .ARM.Collect$$libshutdown$$0000000E  c_w.l(libshutdown2.o)
    0x0800020c   0x00000002   Code   RO         4287    .ARM.Collect$$libshutdown$$0000000F  c_w.l(libshutdown2.o)
    0x0800020e   0x00000000   Code   RO         4092    .ARM.Collect$$rtentry$$00000000  c_w.l(__rtentry.o)
    0x0800020e   0x00000000   Code   RO         4144    .ARM.Collect$$rtentry$$00000002  c_w.l(__rtentry2.o)
    0x0800020e   0x00000006   Code   RO         4156    .ARM.Collect$$rtentry$$00000004  c_w.l(__rtentry4.o)
    0x08000214   0x00000000   Code   RO         4146    .ARM.Collect$$rtentry$$00000009  c_w.l(__rtentry2.o)
    0x08000214   0x00000004   Code   RO         4147    .ARM.Collect$$rtentry$$0000000A  c_w.l(__rtentry2.o)
    0x08000218   0x00000000   Code   RO         4149    .ARM.Collect$$rtentry$$0000000C  c_w.l(__rtentry2.o)
    0x08000218   0x00000008   Code   RO         4150    .ARM.Collect$$rtentry$$0000000D  c_w.l(__rtentry2.o)
    0x08000220   0x00000002   Code   RO         4196    .ARM.Collect$$rtexit$$00000000  c_w.l(rtexit.o)
    0x08000222   0x00000000   Code   RO         4246    .ARM.Collect$$rtexit$$00000002  c_w.l(rtexit2.o)
    0x08000222   0x00000004   Code   RO         4247    .ARM.Collect$$rtexit$$00000003  c_w.l(rtexit2.o)
    0x08000226   0x00000006   Code   RO         4248    .ARM.Collect$$rtexit$$00000004  c_w.l(rtexit2.o)
    0x0800022c   0x00000040   Code   RO          483    .text               startup_stm32f103xe.o
    0x0800026c   0x00000002   Code   RO         3963    .text               c_w.l(use_no_semi_2.o)
    0x0800026e   0x00000002   PAD
    0x08000270   0x00000018   Code   RO         3967    .text               c_w.l(noretval__2printf.o)
    0x08000288   0x0000004e   Code   RO         3971    .text               c_w.l(_printf_pad.o)
    0x080002d6   0x00000052   Code   RO         3973    .text               c_w.l(_printf_str.o)
    0x08000328   0x00000078   Code   RO         3975    .text               c_w.l(_printf_dec.o)
    0x080003a0   0x00000058   Code   RO         3980    .text               c_w.l(_printf_hex_int.o)
    0x080003f8   0x00000188   Code   RO         4015    .text               c_w.l(__printf_flags_ss_wp.o)
    0x08000580   0x00000006   Code   RO         4024    .text               c_w.l(heapauxi.o)
    0x08000586   0x00000002   Code   RO         4090    .text               c_w.l(use_no_semi.o)
    0x08000588   0x00000016   Code   RO         4093    .text               c_w.l(_rserrno.o)
    0x0800059e   0x000000b2   Code   RO         4095    .text               c_w.l(_printf_intcommon.o)
    0x08000650   0x0000002c   Code   RO         4097    .text               c_w.l(_printf_char.o)
    0x0800067c   0x00000024   Code   RO         4099    .text               c_w.l(_printf_char_file.o)
    0x080006a0   0x00000008   Code   RO         4161    .text               c_w.l(rt_errno_addr_intlibspace.o)
    0x080006a8   0x00000030   Code   RO         4163    .text               c_w.l(_printf_char_common.o)
    0x080006d8   0x00000008   Code   RO         4165    .text               c_w.l(ferror.o)
    0x080006e0   0x00000008   Code   RO         4179    .text               c_w.l(libspace.o)
    0x080006e8   0x0000004a   Code   RO         4182    .text               c_w.l(sys_stackheap_outer.o)
    0x08000732   0x0000000c   Code   RO         4186    .text               c_w.l(exit.o)
    0x0800073e   0x00000052   Code   RO         2787    i.ADC_ConversionStop_Disable  stm32f1xx_hal_adc.o
    0x08000790   0x00000084   Code   RO         2791    i.ADC_Enable        stm32f1xx_hal_adc.o
    0x08000814   0x00000004   Code   RO          256    i.BusFault_Handler  stm32f1xx_it.o
    0x08000818   0x00000068   Code   RO         3725    i.DAC1_Set_Vol      dac.o
    0x08000880   0x00000002   Code   RO          257    i.DebugMon_Handler  stm32f1xx_it.o
    0x08000882   0x00000002   PAD
    0x08000884   0x000000a4   Code   RO            4    i.Draw_Axis         main.o
    0x08000928   0x000000ec   Code   RO            5    i.Draw_Curve        main.o
    0x08000a14   0x00000034   Code   RO         3679    i.Get_Adc           adc.o
    0x08000a48   0x0000002e   Code   RO         3680    i.Get_Adc_Average   adc.o
    0x08000a76   0x00000002   PAD
    0x08000a78   0x00000104   Code   RO         2967    i.HAL_ADCEx_Calibration_Start  stm32f1xx_hal_adc_ex.o
    0x08000b7c   0x00000160   Code   RO         2793    i.HAL_ADC_ConfigChannel  stm32f1xx_hal_adc.o
    0x08000cdc   0x00000008   Code   RO         2800    i.HAL_ADC_GetValue  stm32f1xx_hal_adc.o
    0x08000ce4   0x00000160   Code   RO         2802    i.HAL_ADC_Init      stm32f1xx_hal_adc.o
    0x08000e44   0x0000005c   Code   RO         3681    i.HAL_ADC_MspInit   adc.o
    0x08000ea0   0x00000170   Code   RO         2806    i.HAL_ADC_PollForConversion  stm32f1xx_hal_adc.o
    0x08001010   0x00000130   Code   RO         2808    i.HAL_ADC_Start     stm32f1xx_hal_adc.o
    0x08001140   0x00000074   Code   RO         3066    i.HAL_DAC_ConfigChannel  stm32f1xx_hal_dac.o
    0x080011b4   0x00000028   Code   RO         3076    i.HAL_DAC_Init      stm32f1xx_hal_dac.o
    0x080011dc   0x0000005c   Code   RO         3726    i.HAL_DAC_MspInit   dac.o
    0x08001238   0x0000002c   Code   RO         3079    i.HAL_DAC_SetValue  stm32f1xx_hal_dac.o
    0x08001264   0x00000078   Code   RO         3080    i.HAL_DAC_Start     stm32f1xx_hal_dac.o
    0x080012dc   0x000001a8   Code   RO         1755    i.HAL_DMA_Abort_IT  stm32f1xx_hal_dma.o
    0x08001484   0x00000340   Code   RO          789    i.HAL_GPIO_Init     stm32f1xx_hal_gpio.o
    0x080017c4   0x0000000c   Code   RO          793    i.HAL_GPIO_WritePin  stm32f1xx_hal_gpio.o
    0x080017d0   0x0000000c   Code   RO          501    i.HAL_GetTick       stm32f1xx_hal.o
    0x080017dc   0x00000018   Code   RO          507    i.HAL_IncTick       stm32f1xx_hal.o
    0x080017f4   0x00000028   Code   RO          508    i.HAL_Init          stm32f1xx_hal.o
    0x0800181c   0x0000004c   Code   RO          509    i.HAL_InitTick      stm32f1xx_hal.o
    0x08001868   0x00000002   Code   RO          454    i.HAL_MspInit       stm32f1xx_hal_msp.o
    0x0800186a   0x00000020   Code   RO          666    i.HAL_NVIC_EnableIRQ  stm32f1xx_hal_cortex.o
    0x0800188a   0x0000007c   Code   RO          672    i.HAL_NVIC_SetPriority  stm32f1xx_hal_cortex.o
    0x08001906   0x00000002   PAD
    0x08001908   0x00000028   Code   RO          673    i.HAL_NVIC_SetPriorityGrouping  stm32f1xx_hal_cortex.o
    0x08001930   0x00000134   Code   RO         1121    i.HAL_RCCEx_GetPeriphCLKFreq  stm32f1xx_hal_rcc_ex.o
    0x08001a64   0x0000012c   Code   RO         1122    i.HAL_RCCEx_PeriphCLKConfig  stm32f1xx_hal_rcc_ex.o
    0x08001b90   0x0000018c   Code   RO         1014    i.HAL_RCC_ClockConfig  stm32f1xx_hal_rcc.o
    0x08001d1c   0x0000000c   Code   RO         1019    i.HAL_RCC_GetHCLKFreq  stm32f1xx_hal_rcc.o
    0x08001d28   0x00000020   Code   RO         1021    i.HAL_RCC_GetPCLK1Freq  stm32f1xx_hal_rcc.o
    0x08001d48   0x00000020   Code   RO         1022    i.HAL_RCC_GetPCLK2Freq  stm32f1xx_hal_rcc.o
    0x08001d68   0x00000094   Code   RO         1023    i.HAL_RCC_GetSysClockFreq  stm32f1xx_hal_rcc.o
    0x08001dfc   0x00000464   Code   RO         1026    i.HAL_RCC_OscConfig  stm32f1xx_hal_rcc.o
    0x08002260   0x00000028   Code   RO          675    i.HAL_SYSTICK_CLKSourceConfig  stm32f1xx_hal_cortex.o
    0x08002288   0x00000034   Code   RO          677    i.HAL_SYSTICK_Config  stm32f1xx_hal_cortex.o
    0x080022bc   0x00000034   Code   RO         1850    i.HAL_TIM_Base_Init  stm32f1xx_hal_tim.o
    0x080022f0   0x00000002   Code   RO         1852    i.HAL_TIM_Base_MspInit  stm32f1xx_hal_tim.o
    0x080022f2   0x0000002a   Code   RO         1855    i.HAL_TIM_Base_Start_IT  stm32f1xx_hal_tim.o
    0x0800231c   0x00000002   Code   RO         1177    i.HAL_UART_ErrorCallback  stm32f1xx_hal_uart.o
    0x0800231e   0x00000014   Code   RO         1179    i.HAL_UART_GetState  stm32f1xx_hal_uart.o
    0x08002332   0x00000002   PAD
    0x08002334   0x0000014c   Code   RO         1180    i.HAL_UART_IRQHandler  stm32f1xx_hal_uart.o
    0x08002480   0x00000072   Code   RO         1181    i.HAL_UART_Init     stm32f1xx_hal_uart.o
    0x080024f2   0x00000002   PAD
    0x080024f4   0x000000a8   Code   RO         3375    i.HAL_UART_MspInit  usart.o
    0x0800259c   0x00000070   Code   RO         1186    i.HAL_UART_Receive_IT  stm32f1xx_hal_uart.o
    0x0800260c   0x00000088   Code   RO         3376    i.HAL_UART_RxCpltCallback  usart.o
    0x08002694   0x00000002   Code   RO         1192    i.HAL_UART_TxCpltCallback  stm32f1xx_hal_uart.o
    0x08002696   0x00000004   Code   RO          258    i.HardFault_Handler  stm32f1xx_it.o
    0x0800269a   0x00000002   PAD
    0x0800269c   0x0000004c   Code   RO         3465    i.LCD_Clear         lcd.o
    0x080026e8   0x00000130   Code   RO         3469    i.LCD_Display_Dir   lcd.o
    0x08002818   0x000000b0   Code   RO         3470    i.LCD_DrawLine      lcd.o
    0x080028c8   0x00000040   Code   RO         3471    i.LCD_DrawPoint     lcd.o
    0x08002908   0x00000284   Code   RO         3474    i.LCD_Fast_DrawPoint  lcd.o
    0x08002b8c   0x00002988   Code   RO         3476    i.LCD_Init          lcd.o
    0x08005514   0x00000016   Code   RO         3477    i.LCD_Pow           lcd.o
    0x0800552a   0x00000002   PAD
    0x0800552c   0x00000060   Code   RO         3478    i.LCD_RD_DATA       lcd.o
    0x0800558c   0x000000d4   Code   RO         3481    i.LCD_SSD_BackLightSet  lcd.o
    0x08005660   0x000003a0   Code   RO         3482    i.LCD_Scan_Dir      lcd.o
    0x08005a00   0x000002dc   Code   RO         3483    i.LCD_SetCursor     lcd.o
    0x08005cdc   0x00000128   Code   RO         3485    i.LCD_ShowChar      lcd.o
    0x08005e04   0x00000066   Code   RO         3487    i.LCD_ShowString    lcd.o
    0x08005e6a   0x000000be   Code   RO         3488    i.LCD_ShowxNum      lcd.o
    0x08005f28   0x00000024   Code   RO         3489    i.LCD_WR_DATAX      lcd.o
    0x08005f4c   0x00000024   Code   RO         3490    i.LCD_WR_REG        lcd.o
    0x08005f70   0x00000010   Code   RO         3492    i.LCD_WriteRAM_Prepare  lcd.o
    0x08005f80   0x00000030   Code   RO         3493    i.LCD_WriteReg      lcd.o
    0x08005fb0   0x00000080   Code   RO         3440    i.LED_Init          led.o
    0x08006030   0x0000004c   Code   RO         3682    i.MY_ADC_Init       adc.o
    0x0800607c   0x00000004   Code   RO          259    i.MemManage_Handler  stm32f1xx_it.o
    0x08006080   0x00000002   Code   RO          260    i.NMI_Handler       stm32f1xx_it.o
    0x08006082   0x00000002   Code   RO          261    i.PendSV_Handler    stm32f1xx_it.o
    0x08006084   0x00000028   Code   RO         1027    i.RCC_Delay         stm32f1xx_hal_rcc.o
    0x080060ac   0x00000002   Code   RO          262    i.SVC_Handler       stm32f1xx_it.o
    0x080060ae   0x00000056   Code   RO         3332    i.Stm32_Clock_Init  sys.o
    0x08006104   0x00000008   Code   RO          263    i.SysTick_Handler   stm32f1xx_it.o
    0x0800610c   0x00000058   Code   RO          335    i.SystemInit        system_stm32f1xx.o
    0x08006164   0x00000044   Code   RO         3766    i.TIM4_IRQHandler   usmart.o
    0x080061a8   0x0000009c   Code   RO         1938    i.TIM_Base_SetConfig  stm32f1xx_hal_tim.o
    0x08006244   0x0000005c   Code   RO         3767    i.Timer4_Init       usmart.o
    0x080062a0   0x00000014   Code   RO         1194    i.UART_DMAAbortOnError  stm32f1xx_hal_uart.o
    0x080062b4   0x00000020   Code   RO         1204    i.UART_EndRxTransfer  stm32f1xx_hal_uart.o
    0x080062d4   0x00000020   Code   RO         1205    i.UART_EndTransmit_IT  stm32f1xx_hal_uart.o
    0x080062f4   0x000000a6   Code   RO         1207    i.UART_Receive_IT   stm32f1xx_hal_uart.o
    0x0800639a   0x00000002   PAD
    0x0800639c   0x000001a0   Code   RO         1208    i.UART_SetConfig    stm32f1xx_hal_uart.o
    0x0800653c   0x00000068   Code   RO         1209    i.UART_Transmit_IT  stm32f1xx_hal_uart.o
    0x080065a4   0x00000040   Code   RO         3377    i.USART1_IRQHandler  usart.o
    0x080065e4   0x00000004   Code   RO          264    i.UsageFault_Handler  stm32f1xx_it.o
    0x080065e8   0x00000028   Code   RO         4175    i.__ARM_fpclassify  m_ws.l(fpclassify.o)
    0x08006610   0x00000010   Code   RO          679    i.__NVIC_GetPriorityGrouping  stm32f1xx_hal_cortex.o
    0x08006620   0x00000028   Code   RO          680    i.__NVIC_SetPriority  stm32f1xx_hal_cortex.o
    0x08006648   0x00000388   Code   RO         4132    i.__ieee754_rem_pio2  m_ws.l(rred.o)
    0x080069d0   0x000000fc   Code   RO         4115    i.__kernel_cos      m_ws.l(cos_i.o)
    0x08006acc   0x000000aa   Code   RO         4177    i.__kernel_poly     m_ws.l(poly.o)
    0x08006b76   0x00000002   PAD
    0x08006b78   0x000000ec   Code   RO         4137    i.__kernel_sin      m_ws.l(sin_i.o)
    0x08006c64   0x00000006   Code   RO         4119    i.__mathlib_dbl_infnan  m_ws.l(dunder.o)
    0x08006c6a   0x0000000c   Code   RO         4121    i.__mathlib_dbl_invalid  m_ws.l(dunder.o)
    0x08006c76   0x00000002   PAD
    0x08006c78   0x00000010   Code   RO         4124    i.__mathlib_dbl_underflow  m_ws.l(dunder.o)
    0x08006c88   0x0000000e   Code   RO         4008    i._is_digit         c_w.l(__printf_wp.o)
    0x08006c96   0x00000004   Code   RO         3378    i._sys_exit         usart.o
    0x08006c9a   0x00000002   PAD
    0x08006c9c   0x00000014   Code   RO         3291    i.delay_init        delay.o
    0x08006cb0   0x00000018   Code   RO         3292    i.delay_ms          delay.o
    0x08006cc8   0x00000048   Code   RO         3293    i.delay_us          delay.o
    0x08006d10   0x0000001c   Code   RO         3379    i.fputc             usart.o
    0x08006d2c   0x00000324   Code   RO            6    i.main              main.o
    0x08007050   0x0000000e   Code   RO         3494    i.opt_delay         lcd.o
    0x0800705e   0x00000006   Code   RO         3768    i.read_addr         usmart.o
    0x08007064   0x000000a0   Code   RO         4083    i.sin               m_ws.l(sin.o)
    0x08007104   0x00000038   Code   RO         3380    i.uart_init         usart.o
    0x0800713c   0x000000b0   Code   RO         3769    i.usmart_cmd_rec    usmart.o
    0x080071ec   0x000002d4   Code   RO         3770    i.usmart_exe        usmart.o
    0x080074c0   0x000000d4   Code   RO         3880    i.usmart_get_aparm  usmart_str.o
    0x08007594   0x00000036   Code   RO         3881    i.usmart_get_cmdname  usmart_str.o
    0x080075ca   0x00000002   PAD
    0x080075cc   0x000001c0   Code   RO         3882    i.usmart_get_fname  usmart_str.o
    0x0800778c   0x0000010c   Code   RO         3883    i.usmart_get_fparam  usmart_str.o
    0x08007898   0x00000020   Code   RO         3884    i.usmart_get_parmpos  usmart_str.o
    0x080078b8   0x00000044   Code   RO         3771    i.usmart_get_runtime  usmart.o
    0x080078fc   0x00000028   Code   RO         3772    i.usmart_init       usmart.o
    0x08007924   0x00000016   Code   RO         3885    i.usmart_pow        usmart_str.o
    0x0800793a   0x00000002   PAD
    0x0800793c   0x00000034   Code   RO         3773    i.usmart_reset_runtime  usmart.o
    0x08007970   0x000000bc   Code   RO         3774    i.usmart_scan       usmart.o
    0x08007a2c   0x00000016   Code   RO         3886    i.usmart_search_nextc  usmart_str.o
    0x08007a42   0x00000106   Code   RO         3887    i.usmart_str2num    usmart_str.o
    0x08007b48   0x00000022   Code   RO         3888    i.usmart_strcmp     usmart_str.o
    0x08007b6a   0x00000016   Code   RO         3889    i.usmart_strcopy    usmart_str.o
    0x08007b80   0x00000018   Code   RO         3890    i.usmart_strlen     usmart_str.o
    0x08007b98   0x000006f4   Code   RO         3775    i.usmart_sys_cmd_exe  usmart.o
    0x0800828c   0x00000004   Code   RO         3776    i.write_addr        usmart.o
    0x08008290   0x00000062   Code   RO         4028    x$fpl$d2f           fz_ws.l(d2f.o)
    0x080082f2   0x00000002   PAD
    0x080082f4   0x00000150   Code   RO         4030    x$fpl$dadd          fz_ws.l(daddsub_clz.o)
    0x08008444   0x00000010   Code   RO         4194    x$fpl$dcheck1       fz_ws.l(dcheck1.o)
    0x08008454   0x00000018   Code   RO         4102    x$fpl$dcmpinf       fz_ws.l(dcmpi.o)
    0x0800846c   0x000002b0   Code   RO         4037    x$fpl$ddiv          fz_ws.l(ddiv.o)
    0x0800871c   0x0000005e   Code   RO         4169    x$fpl$dfix          fz_ws.l(dfix.o)
    0x0800877a   0x00000002   PAD
    0x0800877c   0x0000005a   Code   RO         4040    x$fpl$dfixu         fz_ws.l(dfixu.o)
    0x080087d6   0x0000002e   Code   RO         4045    x$fpl$dflt          fz_ws.l(dflt_clz.o)
    0x08008804   0x00000026   Code   RO         4044    x$fpl$dfltu         fz_ws.l(dflt_clz.o)
    0x0800882a   0x00000002   PAD
    0x0800882c   0x00000078   Code   RO         4050    x$fpl$dleqf         fz_ws.l(dleqf.o)
    0x080088a4   0x00000154   Code   RO         4052    x$fpl$dmul          fz_ws.l(dmul.o)
    0x080089f8   0x0000009c   Code   RO         4104    x$fpl$dnaninf       fz_ws.l(dnaninf.o)
    0x08008a94   0x0000000c   Code   RO         4106    x$fpl$dretinf       fz_ws.l(dretinf.o)
    0x08008aa0   0x0000006c   Code   RO         4054    x$fpl$drleqf        fz_ws.l(drleqf.o)
    0x08008b0c   0x00000016   Code   RO         4031    x$fpl$drsb          fz_ws.l(daddsub_clz.o)
    0x08008b22   0x00000002   PAD
    0x08008b24   0x000001d4   Code   RO         4032    x$fpl$dsub          fz_ws.l(daddsub_clz.o)
    0x08008cf8   0x00000056   Code   RO         4056    x$fpl$f2d           fz_ws.l(f2d.o)
    0x08008d4e   0x00000002   PAD
    0x08008d50   0x000000c4   Code   RO         4058    x$fpl$fadd          fz_ws.l(faddsub_clz.o)
    0x08008e14   0x00000018   Code   RO         4108    x$fpl$fcmpinf       fz_ws.l(fcmpi.o)
    0x08008e2c   0x00000184   Code   RO         4065    x$fpl$fdiv          fz_ws.l(fdiv.o)
    0x08008fb0   0x0000003e   Code   RO         4068    x$fpl$ffixu         fz_ws.l(ffixu.o)
    0x08008fee   0x00000002   PAD
    0x08008ff0   0x00000026   Code   RO         4072    x$fpl$ffltu         fz_ws.l(fflt_clz.o)
    0x08009016   0x00000002   PAD
    0x08009018   0x00000068   Code   RO         4078    x$fpl$fleqf         fz_ws.l(fleqf.o)
    0x08009080   0x00000102   Code   RO         4080    x$fpl$fmul          fz_ws.l(fmul.o)
    0x08009182   0x0000008c   Code   RO         4110    x$fpl$fnaninf       fz_ws.l(fnaninf.o)
    0x0800920e   0x0000000a   Code   RO         4112    x$fpl$fretinf       fz_ws.l(fretinf.o)
    0x08009218   0x00000014   Code   RO         4059    x$fpl$frsb          fz_ws.l(faddsub_clz.o)
    0x0800922c   0x000000ea   Code   RO         4060    x$fpl$fsub          fz_ws.l(faddsub_clz.o)
    0x08009316   0x00000064   Code   RO         4243    x$fpl$retnan        fz_ws.l(retnan.o)
    0x0800937a   0x0000005c   Code   RO         4173    x$fpl$scalbn        fz_ws.l(scalbn.o)
    0x080093d6   0x00000030   Code   RO         4256    x$fpl$trapveneer    fz_ws.l(trapv.o)
    0x08009406   0x00000000   Code   RO         4114    x$fpl$usenofp       fz_ws.l(usenofp.o)
    0x08009406   0x00000018   Data   RO          336    .constdata          system_stm32f1xx.o
    0x0800941e   0x000017c0   Data   RO         3496    .constdata          lcd.o
    0x0800abde   0x00000028   Data   RO         3981    .constdata          c_w.l(_printf_hex_int.o)
    0x0800ac06   0x00000011   Data   RO         4016    .constdata          c_w.l(__printf_flags_ss_wp.o)
    0x0800ac17   0x00000001   PAD
    0x0800ac18   0x00000030   Data   RO         4116    .constdata          m_ws.l(cos_i.o)
    0x0800ac48   0x000000c8   Data   RO         4134    .constdata          m_ws.l(rred.o)
    0x0800ad10   0x00000028   Data   RO         4138    .constdata          m_ws.l(sin_i.o)
    0x0800ad38   0x00000028   Data   RO         3778    .conststring        usmart.o
    0x0800ad60   0x0000006b   Data   RO         3855    .conststring        usmart_config.o
    0x0800adcb   0x00000001   PAD
    0x0800adcc   0x00000020   Data   RO         4319    Region$$Table       anon$$obj.o


    Execution Region RW_IRAM1 (Base: 0x20000000, Size: 0x00000968, Max: 0x0000c000, ABSOLUTE, COMPRESSED[0x00000060])

    Base Addr    Size         Type   Attr      Idx    E Section Name        Object

    0x20000000   0x0000001c   Data   RW            7    .data               main.o
    0x2000001c   0x00000004   Data   RW          337    .data               system_stm32f1xx.o
    0x20000020   0x00000009   Data   RW          515    .data               stm32f1xx_hal.o
    0x20000029   0x00000003   PAD
    0x2000002c   0x00000004   Data   RW         3294    .data               delay.o
    0x20000030   0x00000007   Data   RW         3382    .data               usart.o
    0x20000037   0x00000001   PAD
    0x20000038   0x00000004   Data   RW         3497    .data               lcd.o
    0x2000003c   0x0000001c   Data   RW         3779    .data               usmart.o
    0x20000058   0x00000114   Data   RW         3856    .data               usmart_config.o
    0x2000016c   0x00000108   Zero   RW         3381    .bss                usart.o
    0x20000274   0x0000000e   Zero   RW         3495    .bss                lcd.o
    0x20000282   0x00000002   PAD
    0x20000284   0x00000030   Zero   RW         3683    .bss                adc.o
    0x200002b4   0x00000014   Zero   RW         3727    .bss                dac.o
    0x200002c8   0x00000040   Zero   RW         3777    .bss                usmart.o
    0x20000308   0x00000060   Zero   RW         4180    .bss                c_w.l(libspace.o)
    0x20000368   0x00000200   Zero   RW          481    HEAP                startup_stm32f103xe.o
    0x20000568   0x00000400   Zero   RW          480    STACK               startup_stm32f103xe.o


==============================================================================

Image component sizes


      Code (inc. data)   RO Data    RW Data    ZI Data      Debug   Object Name

       266         24          0          0         48       2823   adc.o
       196         26          0          0         20       1648   dac.o
       116          8          0          4          0       1779   delay.o
     14624        230       6080          4         14      21894   lcd.o
       128         12          0          0          0        863   led.o
      1204        228          0         28          0     510416   main.o
        64         26        304          0       1536        780   startup_stm32f103xe.o
       152         32          0          9          0       5801   stm32f1xx_hal.o
      1598         64          0          0          0       6180   stm32f1xx_hal_adc.o
       260          4          0          0          0       1414   stm32f1xx_hal_adc_ex.o
       344         22          0          0          0      29701   stm32f1xx_hal_cortex.o
       320          0          0          0          0       3246   stm32f1xx_hal_dac.o
       424         10          0          0          0       1199   stm32f1xx_hal_dma.o
       844         40          0          0          0       2648   stm32f1xx_hal_gpio.o
         2          0          0          0          0        398   stm32f1xx_hal_msp.o
      1784        110          0          0          0       5900   stm32f1xx_hal_rcc.o
       608         44          0          0          0       2353   stm32f1xx_hal_rcc_ex.o
       252         22          0          0          0       2904   stm32f1xx_hal_tim.o
      1352         10          0          0          0       8047   stm32f1xx_hal_uart.o
        32          0          0          0          0       3626   stm32f1xx_it.o
        86          0          0          0          0        671   sys.o
        88         18         24          4          0       1047   system_stm32f1xx.o
       456         52          0          7        264       5141   usart.o
      3198       1354         40         28         64       7327   usmart.o
         0          0        107        276          0       1544   usmart_config.o
      1400         20          0          0          0       8297   usmart_str.o

    ----------------------------------------------------------------------
     29820       2356       6588        364       1948     637647   Object Totals
         0          0         32          0          0          0   (incl. Generated)
        22          0          1          4          2          0   (incl. Padding)

    ----------------------------------------------------------------------

      Code (inc. data)   RO Data    RW Data    ZI Data      Debug   Library Member Name

        90          0          0          0          0          0   __dczerorl2.o
         8          0          0          0          0         68   __main.o
       392          4         17          0          0         92   __printf_flags_ss_wp.o
        14          0          0          0          0         68   __printf_wp.o
         0          0          0          0          0          0   __rtentry.o
        12          0          0          0          0          0   __rtentry2.o
         6          0          0          0          0          0   __rtentry4.o
        52          8          0          0          0          0   __scatter.o
        28          0          0          0          0          0   __scatter_zi.o
         6          0          0          0          0          0   _printf_c.o
        44          0          0          0          0        108   _printf_char.o
        48          6          0          0          0         96   _printf_char_common.o
        36          4          0          0          0         80   _printf_char_file.o
         6          0          0          0          0          0   _printf_d.o
       120         16          0          0          0         92   _printf_dec.o
        88          4         40          0          0         88   _printf_hex_int.o
       178          0          0          0          0         88   _printf_intcommon.o
        78          0          0          0          0        108   _printf_pad.o
         0          0          0          0          0          0   _printf_percent.o
         4          0          0          0          0          0   _printf_percent_end.o
         6          0          0          0          0          0   _printf_s.o
        82          0          0          0          0         80   _printf_str.o
         6          0          0          0          0          0   _printf_u.o
         6          0          0          0          0          0   _printf_x.o
        22          0          0          0          0        100   _rserrno.o
        12          0          0          0          0         72   exit.o
         8          0          0          0          0         68   ferror.o
         6          0          0          0          0        152   heapauxi.o
         2          0          0          0          0          0   libinit.o
         2          0          0          0          0          0   libinit2.o
         2          0          0          0          0          0   libshutdown.o
         2          0          0          0          0          0   libshutdown2.o
         8          4          0          0         96         68   libspace.o
        24          4          0          0          0         84   noretval__2printf.o
         8          4          0          0          0         68   rt_errno_addr_intlibspace.o
         2          0          0          0          0          0   rtexit.o
        10          0          0          0          0          0   rtexit2.o
        74          0          0          0          0         80   sys_stackheap_outer.o
         2          0          0          0          0         68   use_no_semi.o
         2          0          0          0          0         68   use_no_semi_2.o
        98          4          0          0          0         92   d2f.o
       826         16          0          0          0        348   daddsub_clz.o
        16          4          0          0          0         68   dcheck1.o
        24          0          0          0          0         68   dcmpi.o
       688        140          0          0          0        208   ddiv.o
        94          4          0          0          0         92   dfix.o
        90          4          0          0          0         92   dfixu.o
        84          0          0          0          0        136   dflt_clz.o
       120          4          0          0          0         92   dleqf.o
       340         12          0          0          0        104   dmul.o
       156          4          0          0          0         92   dnaninf.o
        12          0          0          0          0         68   dretinf.o
       108          0          0          0          0         80   drleqf.o
        86          4          0          0          0         84   f2d.o
       450          8          0          0          0        236   faddsub_clz.o
        24          0          0          0          0         68   fcmpi.o
       388         76          0          0          0         96   fdiv.o
        62          4          0          0          0         84   ffixu.o
        38          0          0          0          0         68   fflt_clz.o
       104          4          0          0          0         84   fleqf.o
       258          4          0          0          0         84   fmul.o
       140          4          0          0          0         84   fnaninf.o
        10          0          0          0          0         68   fretinf.o
       100          0          0          0          0         68   retnan.o
        92          0          0          0          0         68   scalbn.o
        48          0          0          0          0         68   trapv.o
         0          0          0          0          0          0   usenofp.o
       252         22         48          0          0        124   cos_i.o
        34          6          0          0          0        204   dunder.o
        40          0          0          0          0         68   fpclassify.o
       170          0          0          0          0         96   poly.o
       904         76        200          0          0        140   rred.o
       160         10          0          0          0        108   sin.o
       236         12         40          0          0        128   sin_i.o

    ----------------------------------------------------------------------
      7770        476        346          0         96       5364   Library Totals
        22          0          1          0          0          0   (incl. Padding)

    ----------------------------------------------------------------------

      Code (inc. data)   RO Data    RW Data    ZI Data      Debug   Library Name

      1496         54         57          0         96       1796   c_w.l
      4456        296          0          0          0       2700   fz_ws.l
      1796        126        288          0          0        868   m_ws.l

    ----------------------------------------------------------------------
      7770        476        346          0         96       5364   Library Totals

    ----------------------------------------------------------------------

==============================================================================


      Code (inc. data)   RO Data    RW Data    ZI Data      Debug   

     37590       2832       6934        364       2044     633907   Grand Totals
     37590       2832       6934         96       2044     633907   ELF Image Totals (compressed)
     37590       2832       6934         96          0          0   ROM Totals

==============================================================================

    Total RO  Size (Code + RO Data)                44524 (  43.48kB)
    Total RW  Size (RW Data + ZI Data)              2408 (   2.35kB)
    Total ROM Size (Code + RO Data + RW Data)      44620 (  43.57kB)

==============================================================================

